Archive member included because of file (symbol)

contiki-sky.a(contiki-sky-pla)
                              obj_sky/contiki-sky-main.o (init_platform)
contiki-sky.a(sht11-sensor.o)
                              sensor.co (sht11_sensor)
contiki-sky.a(light-sensor.o)
                              sensor.co (light_sensor)
contiki-sky.a(button-sensor.o)
                              contiki-sky.a(contiki-sky-pla) (button_sensor)
contiki-sky.a(ds2411.o)       obj_sky/contiki-sky-main.o (ds2411_init)
contiki-sky.a(xmem.o)         obj_sky/contiki-sky-main.o (xmem_init)
contiki-sky.a(node-id.o)      obj_sky/contiki-sky-main.o (node_id_restore)
contiki-sky.a(sensors.o)      contiki-sky.a(button-sensor.o) (sensors_changed)
contiki-sky.a(cc2420.o)       obj_sky/contiki-sky-main.o (cc2420_set_pan_addr)
contiki-sky.a(cc2420-arch.o)  contiki-sky.a(cc2420.o) (cc2420_arch_init)
contiki-sky.a(sky-sensors.o)  contiki-sky.a(light-sensor.o) (sky_sensors_status)
contiki-sky.a(uart1.o)        obj_sky/contiki-sky-main.o (uart1_active)
contiki-sky.a(uart1-putchar.o)
                              obj_sky/contiki-sky-main.o (putchar)
contiki-sky.a(msp430.o)       contiki-sky.a(uart1.o) (msp430_add_lpm_req)
contiki-sky.a(clock.o)        obj_sky/contiki-sky-main.o (clock_init)
contiki-sky.a(leds.o)         obj_sky/contiki-sky-main.o (leds_init)
contiki-sky.a(leds-arch.o)    contiki-sky.a(leds.o) (leds_arch_init)
contiki-sky.a(watchdog.o)     obj_sky/contiki-sky-main.o (watchdog_start)
contiki-sky.a(rtimer-arch.o)  obj_sky/contiki-sky-main.o (rtimer_arch_now)
contiki-sky.a(autostart.o)    obj_sky/contiki-sky-main.o (autostart_start)
contiki-sky.a(ctimer.o)       obj_sky/contiki-sky-main.o (ctimer_init)
contiki-sky.a(energest.o)     obj_sky/contiki-sky-main.o (energest_init)
contiki-sky.a(etimer.o)       contiki-sky.a(clock.o) (etimer_request_poll)
contiki-sky.a(process.o)      contiki-sky.a(ctimer.o) (process_current)
contiki-sky.a(rtimer.o)       obj_sky/contiki-sky-main.o (rtimer_init)
contiki-sky.a(timer.o)        obj_sky/contiki-sky-main.o (timer_set)
contiki-sky.a(serial-line.o)  obj_sky/contiki-sky-main.o (serial_line_input_byte)
contiki-sky.a(list.o)         contiki-sky.a(ctimer.o) (list_init)
contiki-sky.a(random.o)       obj_sky/contiki-sky-main.o (random_init)
contiki-sky.a(ringbuf.o)      contiki-sky.a(serial-line.o) (ringbuf_init)
contiki-sky.a(broadcast.o)    sensor.co (broadcast_open)
contiki-sky.a(channel.o)      contiki-sky.a(broadcast.o) (channel_set_attributes)
contiki-sky.a(rime.o)         obj_sky/contiki-sky-main.o (rime_driver)
contiki-sky.a(unicast.o)      sensor.co (unicast_open)
contiki-sky.a(csma.o)         obj_sky/contiki-sky-main.o (csma_driver)
contiki-sky.a(mac.o)          contiki-sky.a(csma.o) (mac_call_sent_callback)
contiki-sky.a(linkaddr.o)     obj_sky/contiki-sky-main.o (linkaddr_copy)
contiki-sky.a(packetbuf.o)    contiki-sky.a(rime.o) (packetbuf_compact)
contiki-sky.a(queuebuf.o)     contiki-sky.a(rime.o) (queuebuf_init)
contiki-sky.a(contikimac.o)   obj_sky/contiki-sky-main.o (contikimac_driver)
contiki-sky.a(contikimac-fram)
                              contiki-sky.a(contikimac.o) (contikimac_framer)
contiki-sky.a(nullsec.o)      obj_sky/contiki-sky-main.o (nullsec_driver)
contiki-sky.a(sht11.o)        contiki-sky.a(sht11-sensor.o) (sht11_init)
contiki-sky.a(spi.o)          contiki-sky.a(xmem.o) (spi_init)
contiki-sky.a(compower.o)     contiki-sky.a(contikimac.o) (compower_idle_activity)
contiki-sky.a(memb.o)         contiki-sky.a(csma.o) (memb_init)
contiki-sky.a(abc.o)          contiki-sky.a(broadcast.o) (abc_open)
contiki-sky.a(announcement.o)
                              contiki-sky.a(rime.o) (announcement_init)
contiki-sky.a(broadcast-annou)
                              contiki-sky.a(rime.o) (broadcast_announcement_init)
contiki-sky.a(chameleon.o)    contiki-sky.a(rime.o) (chameleon_init)
contiki-sky.a(framer-802154.o)
                              contiki-sky.a(contikimac-fram) (framer_802154)
contiki-sky.a(framer.o)       contiki-sky.a(framer-802154.o) (framer_canonical_create_and_secure)
contiki-sky.a(mac-sequence.o)
                              contiki-sky.a(contikimac.o) (mac_sequence_is_duplicate)
contiki-sky.a(chameleon-bitop)
                              contiki-sky.a(chameleon.o) (chameleon_bitopt)
contiki-sky.a(frame802154.o)  contiki-sky.a(framer-802154.o) (frame802154_hdrlen)
/usr/local/msp430/bin/../lib/gcc/msp430/4.7.0/mmpy-16/libgcc.a(_mulsi3.o)
                              contiki-sky.a(csma.o) (__mulsi3)
/usr/local/msp430/bin/../lib/gcc/msp430/4.7.0/mmpy-16/libgcc.a(_divmod16.o)
                              sensor.co (__divhi3)
/usr/local/msp430/bin/../lib/gcc/msp430/4.7.0/mmpy-16/libgcc.a(_udivmod32.o)
                              obj_sky/contiki-sky-main.o (__udivsi3)
/usr/local/msp430/bin/../lib/gcc/msp430/4.7.0/mmpy-16/libgcc.a(_udivmod16.o)
[...]
Memory Configuration

Name             Origin             Length             Attributes
sfr              0x00000000         0x00000010
peripheral_8bit  0x00000010         0x000000f0
peripheral_16bit 0x00000100         0x00000100
ram_mirror       0x00000200         0x00000800         xw
infomem          0x00001000         0x00000100
infob            0x00001000         0x00000080
infoa            0x00001080         0x00000080
ram              0x00001100         0x00002800         xw
rom              0x00004000         0x0000bfe0         xr
vectors          0x0000ffe0         0x00000020
bsl              0x00000000         0x00000000
infoc            0x00000000         0x00000000
infod            0x00000000         0x00000000
ram2             0x00000000         0x00000000         xw
usbram           0x00000000         0x00000000         xw
far_rom          0x00000000         0x00000000
*default*        0x00000000         0xffffffff

Linker script and memory map

LOAD /usr/local/msp430/bin/../lib/gcc/msp430/4.7.0/mmpy-16/crt0ivtbl16.o
LOAD sensor.co
LOAD obj_sky/contiki-sky-main.o
LOAD contiki-sky.a
LOAD /usr/local/msp430/bin/../lib/gcc/msp430/4.7.0/mmpy-16/libgcc.a
LOAD /usr/local/msp430/bin/../lib/gcc/msp430/4.7.0/../../../../msp430/lib/mmpy-16/libc.a
LOAD /usr/local/msp430/bin/../lib/gcc/msp430/4.7.0/mmpy-16/libgcc.a
LOAD /usr/local/msp430/bin/../lib/gcc/msp430/4.7.0/mmpy-16/libcrt0.a
                0x00000080                PROVIDE (__info_segment_size, 0x80)
                0x00001000                PROVIDE (__infob, 0x1000)
                0x00001080                PROVIDE (__infoa, 0x1080)
                0x00000000                __IE1 = 0x0
                0x00000002                __IFG1 = 0x2
                0x00000004                __ME1 = 0x4
                0x00000001                __IE2 = 0x1
                0x00000003                __IFG2 = 0x3
                0x00000005                __ME2 = 0x5
                0x00000120                __WDTCTL = 0x120
                0x00000130                __MPY = 0x130
                0x00000132                __MPYS = 0x132
                0x00000134                __MAC = 0x134
                0x00000136                __MACS = 0x136
                0x00000138                __OP2 = 0x138
                0x0000013a                __RESLO = 0x13a
                0x0000013c                __RESHI = 0x13c
                0x0000013e                __SUMEXT = 0x13e
                0x00000020                __P1IN = 0x20
                0x00000021                __P1OUT = 0x21
                0x00000022                __P1DIR = 0x22
                0x00000023                __P1IFG = 0x23
                0x00000024                __P1IES = 0x24
                0x00000025                __P1IE = 0x25
                0x00000026                __P1SEL = 0x26
                0x00000028                __P2IN = 0x28
                0x00000029                __P2OUT = 0x29
                0x0000002a                __P2DIR = 0x2a
                0x0000002b                __P2IFG = 0x2b
                0x0000002c                __P2IES = 0x2c
                0x0000002d                __P2IE = 0x2d
                0x0000002e                __P2SEL = 0x2e
                0x00000018                __P3IN = 0x18
                0x00000019                __P3OUT = 0x19
                0x0000001a                __P3DIR = 0x1a
                0x0000001b                __P3SEL = 0x1b
                0x0000001c                __P4IN = 0x1c
                0x0000001d                __P4OUT = 0x1d
                0x0000001e                __P4DIR = 0x1e
                0x0000001f                __P4SEL = 0x1f
                0x00000030                __P5IN = 0x30
                0x00000031                __P5OUT = 0x31
                0x00000032                __P5DIR = 0x32
                0x00000033                __P5SEL = 0x33
                0x00000034                __P6IN = 0x34
                0x00000035                __P6OUT = 0x35
                0x00000036                __P6DIR = 0x36
                0x00000037                __P6SEL = 0x37
                0x00000070                __U0CTL = 0x70
                0x00000071                __U0TCTL = 0x71
                0x00000072                __U0RCTL = 0x72
                0x00000073                __U0MCTL = 0x73
                0x00000074                __U0BR0 = 0x74
                0x00000075                __U0BR1 = 0x75
                0x00000076                __U0RXBUF = 0x76
                0x00000077                __U0TXBUF = 0x77
                0x00000078                __U1CTL = 0x78
                0x00000079                __U1TCTL = 0x79
                0x0000007a                __U1RCTL = 0x7a
                0x0000007b                __U1MCTL = 0x7b
                0x0000007c                __U1BR0 = 0x7c
                0x0000007d                __U1BR1 = 0x7d
                0x0000007e                __U1RXBUF = 0x7e
                0x0000007f                __U1TXBUF = 0x7f
                0x00000050                __I2CIE = 0x50
                0x00000051                __I2CIFG = 0x51
                0x00000052                __I2CNDAT = 0x52
                0x00000071                __I2CTCTL = 0x71
                0x00000072                __I2CDCTL = 0x72
                0x00000073                __I2CPSC = 0x73
                0x00000074                __I2CSCLH = 0x74
                0x00000075                __I2CSCLL = 0x75
                0x00000076                __I2CDRB = 0x76
                0x00000076                __I2CDRW = 0x76
                0x00000118                __I2COA = 0x118
                0x0000011a                __I2CSA = 0x11a
                0x0000011c                __I2CIV = 0x11c
                0x0000012e                __TAIV = 0x12e
                0x00000160                __TACTL = 0x160
                0x00000162                __TACCTL0 = 0x162
                0x00000164                __TACCTL1 = 0x164
                0x00000166                __TACCTL2 = 0x166
                0x00000170                __TAR = 0x170
                0x00000172                __TACCR0 = 0x172
                0x00000174                __TACCR1 = 0x174
                0x00000176                __TACCR2 = 0x176
                0x0000011e                __TBIV = 0x11e
                0x00000180                __TBCTL = 0x180
                0x00000182                __TBCCTL0 = 0x182
                0x00000184                __TBCCTL1 = 0x184
                0x00000186                __TBCCTL2 = 0x186
                0x00000188                __TBCCTL3 = 0x188
                0x0000018a                __TBCCTL4 = 0x18a
                0x0000018c                __TBCCTL5 = 0x18c
                0x0000018e                __TBCCTL6 = 0x18e
                0x00000190                __TBR = 0x190
                0x00000192                __TBCCR0 = 0x192
                0x00000194                __TBCCR1 = 0x194
                0x00000196                __TBCCR2 = 0x196
                0x00000198                __TBCCR3 = 0x198
                0x0000019a                __TBCCR4 = 0x19a
                0x0000019c                __TBCCR5 = 0x19c
                0x0000019e                __TBCCR6 = 0x19e
                0x00000056                __DCOCTL = 0x56
                0x00000057                __BCSCTL1 = 0x57
                0x00000058                __BCSCTL2 = 0x58
                0x00000055                __SVSCTL = 0x55
                0x00000128                __FCTL1 = 0x128
                0x0000012a                __FCTL2 = 0x12a
                0x0000012c                __FCTL3 = 0x12c
                0x00000059                __CACTL1 = 0x59
                0x0000005a                __CACTL2 = 0x5a
                0x0000005b                __CAPD = 0x5b
                0x000001a0                __ADC12CTL0 = 0x1a0
                0x000001a2                __ADC12CTL1 = 0x1a2
                0x000001a4                __ADC12IFG = 0x1a4
                0x000001a6                __ADC12IE = 0x1a6
                0x000001a8                __ADC12IV = 0x1a8
                0x00000140                __ADC12MEM0 = 0x140
                0x00000142                __ADC12MEM1 = 0x142
                0x00000144                __ADC12MEM2 = 0x144
                0x00000146                __ADC12MEM3 = 0x146
                0x00000148                __ADC12MEM4 = 0x148
                0x0000014a                __ADC12MEM5 = 0x14a
                0x0000014c                __ADC12MEM6 = 0x14c
                0x0000014e                __ADC12MEM7 = 0x14e
                0x00000150                __ADC12MEM8 = 0x150
                0x00000152                __ADC12MEM9 = 0x152
                0x00000154                __ADC12MEM10 = 0x154
                0x00000156                __ADC12MEM11 = 0x156
                0x00000158                __ADC12MEM12 = 0x158
                0x0000015a                __ADC12MEM13 = 0x15a
                0x0000015c                __ADC12MEM14 = 0x15c
                0x0000015e                __ADC12MEM15 = 0x15e
                0x00000080                __ADC12MCTL0 = 0x80
                0x00000081                __ADC12MCTL1 = 0x81
                0x00000082                __ADC12MCTL2 = 0x82
                0x00000083                __ADC12MCTL3 = 0x83
                0x00000084                __ADC12MCTL4 = 0x84
                0x00000085                __ADC12MCTL5 = 0x85
                0x00000086                __ADC12MCTL6 = 0x86
                0x00000087                __ADC12MCTL7 = 0x87
                0x00000088                __ADC12MCTL8 = 0x88
                0x00000089                __ADC12MCTL9 = 0x89
                0x0000008a                __ADC12MCTL10 = 0x8a
                0x0000008b                __ADC12MCTL11 = 0x8b
                0x0000008c                __ADC12MCTL12 = 0x8c
                0x0000008d                __ADC12MCTL13 = 0x8d
                0x0000008e                __ADC12MCTL14 = 0x8e
                0x0000008f                __ADC12MCTL15 = 0x8f
                0x000001c0                __DAC12_0CTL = 0x1c0
                0x000001c2                __DAC12_1CTL = 0x1c2
                0x000001c8                __DAC12_0DAT = 0x1c8
                0x000001ca                __DAC12_1DAT = 0x1ca
                0x00000122                __DMACTL0 = 0x122
                0x00000124                __DMACTL1 = 0x124
                0x000001e0                __DMA0CTL = 0x1e0
                0x000001e8                __DMA1CTL = 0x1e8
                0x000001f0                __DMA2CTL = 0x1f0
                0x000001e2                __DMA0SA = 0x1e2
                0x000001e4                __DMA0DA = 0x1e4
                0x000001e6                __DMA0SZ = 0x1e6
                0x000001ea                __DMA1SA = 0x1ea
                0x000001ec                __DMA1DA = 0x1ec
                0x000001ee                __DMA1SZ = 0x1ee
                0x000001f2                __DMA2SA = 0x1f2
                0x000001f4                __DMA2DA = 0x1f4
                0x000001f6                __DMA2SZ = 0x1f6

.hash
 *(.hash)

.dynsym
 *(.dynsym)

.dynstr
 *(.dynstr)

.gnu.version
 *(.gnu.version)

.gnu.version_d
 *(.gnu.version_d)

.gnu.version_r
 *(.gnu.version_r)

.rel.init
 *(.rel.init)

.rela.init
 *(.rela.init)

.rel.fini
 *(.rel.fini)

.rela.fini
 *(.rela.fini)

.rel.text
 *(.rel.text .rel.text.* .rel.gnu.linkonce.t.*)

.rela.text
 *(.rela.text .rela.text.* .rela.gnu.linkonce.t.*)

.rel.rodata
 *(.rel.rodata .rel.rodata.* .rel.gnu.linkonce.r.*)

.rela.rodata
 *(.rela.rodata .rela.rodata.* .rela.gnu.linkonce.r.*)

.rel.data
 *(.rel.data .rel.data.* .rel.gnu.linkonce.d.*)

.rela.data
 *(.rela.data .rela.data.* .rela.gnu.linkonce.d.*)

.rel.bss
 *(.rel.bss .rel.bss.* .rel.gnu.linkonce.b.*)

.rela.bss
 *(.rela.bss .rela.bss.* .rela.gnu.linkonce.b.*)

.rel.ctors
 *(.rel.ctors)

.rela.ctors
 *(.rela.ctors)

.rel.dtors
 *(.rel.dtors)

.rela.dtors
 *(.rela.dtors)

.rel.got
 *(.rel.got)

.rela.got
 *(.rela.got)

.rel.plt
 *(.rel.plt)

.rela.plt
 *(.rela.plt)

.text           0x00004000     0x5326
                0x00004000                . = ALIGN (0x2)
 *(.init .init.*)
 *(.init0)
 .init0         0x00004000        0x0 /usr/local/msp430/bin/../lib/gcc/msp430/4.7.0/mmpy-16/libcrt0.a(_reset_vector__.o)
                0x00004000                _reset_vector__
 *(.init1)
 .init1         0x00004000        0xc /usr/local/msp430/bin/../lib/gcc/msp430/4.7.0/mmpy-16/libcrt0.a(__watchdog_support.o)
                0x00004000                __watchdog_support
 *(.init2)
 .init2         0x0000400c        0x4 /usr/local/msp430/bin/../lib/gcc/msp430/4.7.0/mmpy-16/libcrt0.a(__init_stack.o)
                0x0000400c                __init_stack
 *(.init3)
 .init3         0x00004010        0x0 /usr/local/msp430/bin/../lib/gcc/msp430/4.7.0/mmpy-16/libcrt0.a(__low_level_init.o)
                0x00004010                __low_level_init
 *(.init4)
 .init4         0x00004010       0x18 /usr/local/msp430/bin/../lib/gcc/msp430/4.7.0/mmpy-16/libcrt0.a(_copy_data.o)
                0x00004010                __do_copy_data
 .init4         0x00004028       0x16 /usr/local/msp430/bin/../lib/gcc/msp430/4.7.0/mmpy-16/libcrt0.a(_clear_bss.o)
                0x00004028                __do_clear_bss
 *(.init5)
 *(.init6)
 *(.init7)
 *(.init8)
 *(.init9)
 .init9         0x0000403e      0x2ce obj_sky/contiki-sky-main.o
                0x0000403e                main
 *(.fini9)
 .fini9         0x0000430c        0x0 /usr/local/msp430/bin/../lib/gcc/msp430/4.7.0/mmpy-16/libcrt0.a(__stop_progExec__.o)
                0x0000430c                __stop_progExec__
 *(.fini8)
 *(.fini7)
 *(.fini6)
 *(.fini5)
 *(.fini4)
 *(.fini3)
 *(.fini2)
 *(.fini1)
 *(.fini0)
 .fini0         0x0000430c        0x6 /usr/local/msp430/bin/../lib/gcc/msp430/4.7.0/mmpy-16/libcrt0.a(_endless_loop__.o)
                0x0000430c                _endless_loop__
 *(.fini .fini.*)
                0x00004312                . = ALIGN (0x2)
                0x00004312                __ctors_start = .
 *(.ctors)
                0x00004312                __ctors_end = .
                0x00004312                __dtors_start = .
 *(.dtors)
                0x00004312                __dtors_end = .
                0x00004312                . = ALIGN (0x2)
 *(.text .text.* .gnu.linkonce.t.*)
 .text          0x00004312        0x4 /usr/local/msp430/bin/../lib/gcc/msp430/4.7.0/mmpy-16/crt0ivtbl16.o
                0x00004312                __isr_14
                0x00004312                __isr_11
                0x00004312                __isr_2
                0x00004312                __isr_7
                0x00004312                __isr_0
                0x00004312                __isr_8
                0x00004312                __isr_3
                0x00004312                __isr_12
                0x00004312                __isr_13
                0x00004312                __isr_9
 .text.recv_uc  0x00004316        0x2 sensor.co
 .text.process_thread_send_sensor_info_process
                0x00004318       0xf0 sensor.co
 .text.broadcast_recv
                0x00004408       0x4a sensor.co
 .text.start_network_layer
                0x00004452       0x3c obj_sky/contiki-sky-main.o
 .text.init_platform
                0x0000448e        0xc contiki-sky.a(contiki-sky-pla)
                0x0000448e                init_platform
 .text.status   0x0000449a       0x14 contiki-sky.a(sht11-sensor.o)
 .text.value    0x000044ae       0x30 contiki-sky.a(sht11-sensor.o)
 .text.configure
                0x000044de       0x3e contiki-sky.a(sht11-sensor.o)
 .text.value    0x0000451c       0x1a contiki-sky.a(light-sensor.o)
 .text.status   0x00004536        0xc contiki-sky.a(light-sensor.o)
 .text.configure
                0x00004542       0x10 contiki-sky.a(light-sensor.o)
 .text.status   0x00004552       0x18 contiki-sky.a(button-sensor.o)
 .text.value    0x0000456a       0x20 contiki-sky.a(button-sensor.o)
 .text.configure
                0x0000458a       0x4c contiki-sky.a(button-sensor.o)
 .text.irq_p2   0x000045d6       0x88 contiki-sky.a(button-sensor.o)
                0x000045d6                irq_p2
                0x000045d6                __isr_1
 .text.owreadb  0x0000465e       0x50 contiki-sky.a(ds2411.o)
 .text.ds2411_init
                0x000046ae      0x120 contiki-sky.a(ds2411.o)
                0x000046ae                ds2411_init
 .text.wait_ready
                0x000047ce       0x4a contiki-sky.a(xmem.o)
 .text.xmem_init
                0x00004818       0x3c contiki-sky.a(xmem.o)
                0x00004818                xmem_init
 .text.xmem_pread
                0x00004854       0xe0 contiki-sky.a(xmem.o)
                0x00004854                xmem_pread
 .text.node_id_restore
                0x00004934       0x38 contiki-sky.a(node-id.o)
                0x00004934                node_id_restore
 .text.process_thread_sensors_process
                0x0000496c       0xc2 contiki-sky.a(sensors.o)
 .text.sensors_changed
                0x00004a2e       0x2a contiki-sky.a(sensors.o)
                0x00004a2e                sensors_changed
 .text.get_object
                0x00004a58        0x4 contiki-sky.a(cc2420.o)
 .text.set_object
                0x00004a5c        0x4 contiki-sky.a(cc2420.o)
 .text.strobe   0x00004a60       0x1c contiki-sky.a(cc2420.o)
 .text.getreg   0x00004a7c       0x4c contiki-sky.a(cc2420.o)
 .text.setreg   0x00004ac8       0x4c contiki-sky.a(cc2420.o)
 .text.write_ram
                0x00004b14       0x7c contiki-sky.a(cc2420.o)
 .text.write_fifo_buf
                0x00004b90       0x3c contiki-sky.a(cc2420.o)
 .text.get_status
                0x00004bcc       0x20 contiki-sky.a(cc2420.o)
 .text.set_txpower
                0x00004bec       0x24 contiki-sky.a(cc2420.o)
 .text.cc2420_receiving_packet
                0x00004c10        0xc contiki-sky.a(cc2420.o)
 .text.pending_packet
                0x00004c1c        0x8 contiki-sky.a(cc2420.o)
 .text.on       0x00004c24       0x1e contiki-sky.a(cc2420.o)
 .text.wait_for_transmission
                0x00004c42       0x22 contiki-sky.a(cc2420.o)
 .text.wait_for_status
                0x00004c64       0x28 contiki-sky.a(cc2420.o)
 .text.getrxdata
                0x00004c8c       0x50 contiki-sky.a(cc2420.o)
 .text.flushrx  0x00004cdc       0x1a contiki-sky.a(cc2420.o)
 .text.off      0x00004cf6       0x56 contiki-sky.a(cc2420.o)
 .text.RELEASE_LOCK
                0x00004d4c       0x28 contiki-sky.a(cc2420.o)
 .text.set_key  0x00004d74       0x18 contiki-sky.a(cc2420.o)
 .text.cc2420_prepare
                0x00004d8c       0x3c contiki-sky.a(cc2420.o)
 .text.cc2420_on
                0x00004dc8       0x22 contiki-sky.a(cc2420.o)
                0x00004dc8                cc2420_on
 .text.cc2420_off
                0x00004dea       0x30 contiki-sky.a(cc2420.o)
                0x00004dea                cc2420_off
 .text.cc2420_cca
                0x00004e1a       0x68 contiki-sky.a(cc2420.o)
 .text.cc2420_read
                0x00004e82       0xac contiki-sky.a(cc2420.o)
 .text.process_thread_cc2420_process
                0x00004f2e       0x54 contiki-sky.a(cc2420.o)
 .text.encrypt  0x00004f82       0x88 contiki-sky.a(cc2420.o)
 .text.cc2420_set_channel
                0x0000500a       0x3c contiki-sky.a(cc2420.o)
                0x0000500a                cc2420_set_channel
 .text.cc2420_set_pan_addr
                0x00005046       0x4c contiki-sky.a(cc2420.o)
                0x00005046                cc2420_set_pan_addr
 .text.cc2420_interrupt
                0x00005092       0x16 contiki-sky.a(cc2420.o)
                0x00005092                cc2420_interrupt
 .text.cc2420_set_txpower
                0x000050a8        0xe contiki-sky.a(cc2420.o)
                0x000050a8                cc2420_set_txpower
 .text.cc2420_get_txpower
                0x000050b6       0x1e contiki-sky.a(cc2420.o)
                0x000050b6                cc2420_get_txpower
 .text.cc2420_transmit
                0x000050d4      0x12c contiki-sky.a(cc2420.o)
 .text.cc2420_send
                0x00005200       0x12 contiki-sky.a(cc2420.o)
 .text.cc2420_rssi
                0x00005212       0x4c contiki-sky.a(cc2420.o)
                0x00005212                cc2420_rssi
 .text.get_value
                0x0000525e       0xa8 contiki-sky.a(cc2420.o)
 .text.cc2420_set_cca_threshold
                0x00005306       0x16 contiki-sky.a(cc2420.o)
                0x00005306                cc2420_set_cca_threshold
 .text.set_value
                0x0000531c       0x86 contiki-sky.a(cc2420.o)
 .text.cc2420_init
                0x000053a2       0xd8 contiki-sky.a(cc2420.o)
                0x000053a2                cc2420_init
 .text.cc2420_port1_interrupt
                0x0000547a       0x62 contiki-sky.a(cc2420-arch.o)
                0x0000547a                __isr_4
                0x0000547a                cc2420_port1_interrupt
 .text.cc2420_arch_init
                0x000054dc       0x1a contiki-sky.a(cc2420-arch.o)
                0x000054dc                cc2420_arch_init
 .text.sky_sensors_status
                0x000054f6       0x3c contiki-sky.a(sky-sensors.o)
                0x000054f6                sky_sensors_status
 .text.sky_sensors_configure
                0x00005532       0xee contiki-sky.a(sky-sensors.o)
                0x00005532                sky_sensors_configure
 .text.handle_rxdma_timer
                0x00005620       0x3a contiki-sky.a(uart1.o)
 .text.uart1_active
                0x0000565a       0x18 contiki-sky.a(uart1.o)
                0x0000565a                uart1_active
 .text.uart1_set_input
                0x00005672       0x20 contiki-sky.a(uart1.o)
                0x00005672                uart1_set_input
 .text.uart1_writeb
                0x00005692       0x18 contiki-sky.a(uart1.o)
                0x00005692                uart1_writeb
 .text.uart1_init
                0x000056aa       0xf4 contiki-sky.a(uart1.o)
                0x000056aa                uart1_init
 .text.putchar  0x0000579e       0x10 contiki-sky.a(uart1-putchar.o)
                0x0000579e                putchar
 .text.msp430_init_dco
                0x000057ae       0x82 contiki-sky.a(msp430.o)
                0x000057ae                msp430_init_dco
 .text.msp430_add_lpm_req
                0x00005830        0xc contiki-sky.a(msp430.o)
                0x00005830                msp430_add_lpm_req
 .text.msp430_cpu_init
                0x0000583c       0x2a contiki-sky.a(msp430.o)
                0x0000583c                msp430_cpu_init
 .text.splhigh_
                0x00005866        0x8 contiki-sky.a(msp430.o)
                0x00005866                splhigh_
 .text.msp430_sync_dco
                0x0000586e       0x6c contiki-sky.a(msp430.o)
                0x0000586e                msp430_sync_dco
 .text.timera1  0x000058da      0x11e contiki-sky.a(clock.o)
                0x000058da                __isr_5
                0x000058da                timera1
 .text.clock_time
                0x000059f8       0x1a contiki-sky.a(clock.o)
                0x000059f8                clock_time
 .text.clock_init
                0x00005a12       0x28 contiki-sky.a(clock.o)
                0x00005a12                clock_init
 .text.clock_delay
                0x00005a3a        0xc contiki-sky.a(clock.o)
                0x00005a3a                clock_delay
 .text.clock_wait
                0x00005a46       0x30 contiki-sky.a(clock.o)
                0x00005a46                clock_wait
 .text.show_leds
                0x00005a76       0xf0 contiki-sky.a(leds.o)
 .text.leds_init
                0x00005b66        0xa contiki-sky.a(leds.o)
                0x00005b66                leds_init
 .text.leds_on  0x00005b70        0xa contiki-sky.a(leds.o)
                0x00005b70                leds_on
 .text.leds_off
                0x00005b7a        0xe contiki-sky.a(leds.o)
                0x00005b7a                leds_off
 .text.leds_arch_init
                0x00005b88        0xe contiki-sky.a(leds-arch.o)
                0x00005b88                leds_arch_init
 .text.leds_arch_set
                0x00005b96       0x38 contiki-sky.a(leds-arch.o)
                0x00005b96                leds_arch_set
 .text.watchdog_interrupt
                0x00005bce        0x6 contiki-sky.a(watchdog.o)
                0x00005bce                __isr_10
                0x00005bce                watchdog_interrupt
 .text.watchdog_start
                0x00005bd4       0x14 contiki-sky.a(watchdog.o)
                0x00005bd4                watchdog_start
 .text.watchdog_periodic
                0x00005be8       0x12 contiki-sky.a(watchdog.o)
                0x00005be8                watchdog_periodic
 .text.watchdog_stop
                0x00005bfa       0x16 contiki-sky.a(watchdog.o)
                0x00005bfa                watchdog_stop
 .text.watchdog_init
                0x00005c10       0x12 contiki-sky.a(watchdog.o)
                0x00005c10                watchdog_init
 .text.rtimer_arch_init
                0x00005c22        0xe contiki-sky.a(rtimer-arch.o)
                0x00005c22                rtimer_arch_init
 .text.rtimer_arch_now
                0x00005c30        0xe contiki-sky.a(rtimer-arch.o)
                0x00005c30                rtimer_arch_now
 .text.timera0  0x00005c3e       0x70 contiki-sky.a(rtimer-arch.o)
                0x00005c3e                __isr_6
                0x00005c3e                timera0
 .text.rtimer_arch_schedule
                0x00005cae        0x6 contiki-sky.a(rtimer-arch.o)
                0x00005cae                rtimer_arch_schedule
 .text.autostart_start
                0x00005cb4       0x16 contiki-sky.a(autostart.o)
                0x00005cb4                autostart_start
 .text.process_thread_ctimer_process
                0x00005cca       0xa8 contiki-sky.a(ctimer.o)
 .text.ctimer_init
                0x00005d72       0x18 contiki-sky.a(ctimer.o)
                0x00005d72                ctimer_init
 .text.ctimer_set
                0x00005d8a       0x50 contiki-sky.a(ctimer.o)
                0x00005d8a                ctimer_set
 .text.ctimer_reset
                0x00005dda       0x30 contiki-sky.a(ctimer.o)
                0x00005dda                ctimer_reset
 .text.ctimer_stop
                0x00005e0a       0x28 contiki-sky.a(ctimer.o)
                0x00005e0a                ctimer_stop
 .text.energest_init
                0x00005e32       0x26 contiki-sky.a(energest.o)
                0x00005e32                energest_init
 .text.energest_type_time
                0x00005e58       0x48 contiki-sky.a(energest.o)
                0x00005e58                energest_type_time
 .text.energest_type_set
                0x00005ea0        0xe contiki-sky.a(energest.o)
                0x00005ea0                energest_type_set
 .text.energest_flush
                0x00005eae       0x48 contiki-sky.a(energest.o)
                0x00005eae                energest_flush
 .text.update_time
                0x00005ef6       0x78 contiki-sky.a(etimer.o)
 .text.etimer_request_poll
                0x00005f6e        0xa contiki-sky.a(etimer.o)
                0x00005f6e                etimer_request_poll
 .text.process_thread_etimer_process
                0x00005f78       0xcc contiki-sky.a(etimer.o)
 .text.add_timer
                0x00006044       0x40 contiki-sky.a(etimer.o)
 .text.etimer_set
                0x00006084       0x12 contiki-sky.a(etimer.o)
                0x00006084                etimer_set
 .text.etimer_reset
                0x00006096       0x12 contiki-sky.a(etimer.o)
                0x00006096                etimer_reset
 .text.etimer_expired
                0x000060a8        0xe contiki-sky.a(etimer.o)
                0x000060a8                etimer_expired
 .text.etimer_pending
                0x000060b6        0xc contiki-sky.a(etimer.o)
                0x000060b6                etimer_pending
 .text.etimer_next_expiration_time
                0x000060c2       0x16 contiki-sky.a(etimer.o)
                0x000060c2                etimer_next_expiration_time
 .text.etimer_stop
                0x000060d8       0x3e contiki-sky.a(etimer.o)
                0x000060d8                etimer_stop
 .text.call_process
                0x00006116       0x46 contiki-sky.a(process.o)
 .text.exit_process
                0x0000615c       0x96 contiki-sky.a(process.o)
 .text.do_poll  0x000061f2       0x30 contiki-sky.a(process.o)
 .text.process_alloc_event
                0x00006222        0xe contiki-sky.a(process.o)
                0x00006222                process_alloc_event
 .text.process_init
                0x00006230       0x1c contiki-sky.a(process.o)
                0x00006230                process_init
 .text.process_run
                0x0000624c       0xa2 contiki-sky.a(process.o)
                0x0000624c                process_run
 .text.process_nevents
                0x000062ee        0xe contiki-sky.a(process.o)
                0x000062ee                process_nevents
 .text.process_post
                0x000062fc       0x54 contiki-sky.a(process.o)
                0x000062fc                process_post
 .text.process_post_synch
                0x00006350       0x12 contiki-sky.a(process.o)
                0x00006350                process_post_synch
 .text.process_start
                0x00006362       0x36 contiki-sky.a(process.o)
                0x00006362                process_start
 .text.process_poll
                0x00006398       0x18 contiki-sky.a(process.o)
                0x00006398                process_poll
 .text.rtimer_init
                0x000063b0        0x6 contiki-sky.a(rtimer.o)
                0x000063b0                rtimer_init
 .text.rtimer_set
                0x000063b6       0x24 contiki-sky.a(rtimer.o)
                0x000063b6                rtimer_set
 .text.rtimer_run_next
                0x000063da       0x26 contiki-sky.a(rtimer.o)
                0x000063da                rtimer_run_next
 .text.timer_set
                0x00006400       0x1c contiki-sky.a(timer.o)
                0x00006400                timer_set
 .text.timer_reset
                0x0000641c        0xe contiki-sky.a(timer.o)
                0x0000641c                timer_reset
 .text.timer_expired
                0x0000642a       0x2a contiki-sky.a(timer.o)
                0x0000642a                timer_expired
 .text.process_thread_serial_line_process
                0x00006454       0x9e contiki-sky.a(serial-line.o)
 .text.serial_line_input_byte
                0x000064f2       0x4a contiki-sky.a(serial-line.o)
                0x000064f2                serial_line_input_byte
 .text.serial_line_init
                0x0000653c       0x1c contiki-sky.a(serial-line.o)
                0x0000653c                serial_line_init
 .text.list_init
                0x00006558        0x6 contiki-sky.a(list.o)
                0x00006558                list_init
 .text.list_head
                0x0000655e        0x4 contiki-sky.a(list.o)
                0x0000655e                list_head
 .text.list_tail
                0x00006562       0x12 contiki-sky.a(list.o)
                0x00006562                list_tail
 .text.list_remove
                0x00006574       0x34 contiki-sky.a(list.o)
                0x00006574                list_remove
 .text.list_push
                0x000065a8       0x1a contiki-sky.a(list.o)
                0x000065a8                list_push
 .text.list_add
                0x000065c2       0x2a contiki-sky.a(list.o)
                0x000065c2                list_add
 .text.list_length
                0x000065ec       0x10 contiki-sky.a(list.o)
                0x000065ec                list_length
 .text.list_item_next
                0x000065fc        0xc contiki-sky.a(list.o)
                0x000065fc                list_item_next
 .text.random_init
                0x00006608        0x6 contiki-sky.a(random.o)
                0x00006608                random_init
 .text.random_rand
                0x0000660e        0x6 contiki-sky.a(random.o)
                0x0000660e                random_rand
 .text.ringbuf_init
                0x00006614       0x14 contiki-sky.a(ringbuf.o)
                0x00006614                ringbuf_init
 .text.ringbuf_put
                0x00006628       0x38 contiki-sky.a(ringbuf.o)
                0x00006628                ringbuf_put
 .text.ringbuf_get
                0x00006660       0x32 contiki-sky.a(ringbuf.o)
                0x00006660                ringbuf_get
 .text.sent_by_abc
                0x00006692       0x10 contiki-sky.a(broadcast.o)
 .text.recv_from_abc
                0x000066a2       0x26 contiki-sky.a(broadcast.o)
 .text.broadcast_open
                0x000066c8       0x2a contiki-sky.a(broadcast.o)
                0x000066c8                broadcast_open
 .text.broadcast_close
                0x000066f2        0x6 contiki-sky.a(broadcast.o)
                0x000066f2                broadcast_close
 .text.broadcast_send
                0x000066f8       0x1a contiki-sky.a(broadcast.o)
                0x000066f8                broadcast_send
 .text.channel_init
                0x00006712        0xa contiki-sky.a(channel.o)
                0x00006712                channel_init
 .text.channel_open
                0x0000671c       0x10 contiki-sky.a(channel.o)
                0x0000671c                channel_open
 .text.channel_close
                0x0000672c        0xc contiki-sky.a(channel.o)
                0x0000672c                channel_close
 .text.channel_lookup
                0x00006738       0x20 contiki-sky.a(channel.o)
                0x00006738                channel_lookup
 .text.channel_set_attributes
                0x00006758       0x24 contiki-sky.a(channel.o)
                0x00006758                channel_set_attributes
 .text.input    0x0000677c       0x3a contiki-sky.a(rime.o)
 .text.init     0x000067b6       0x2e contiki-sky.a(rime.o)
 .text.packet_sent
                0x000067e4       0x44 contiki-sky.a(rime.o)
 .text.rime_output
                0x00006828       0x24 contiki-sky.a(rime.o)
                0x00006828                rime_output
 .text.sent_by_broadcast
                0x0000684c       0x10 contiki-sky.a(unicast.o)
 .text.recv_from_broadcast
                0x0000685c       0x2e contiki-sky.a(unicast.o)
 .text.unicast_open
                0x0000688a       0x2a contiki-sky.a(unicast.o)
                0x0000688a                unicast_open
 .text.unicast_close
                0x000068b4        0x6 contiki-sky.a(unicast.o)
                0x000068b4                unicast_close
 .text.unicast_send
                0x000068ba       0x16 contiki-sky.a(unicast.o)
                0x000068ba                unicast_send
 .text.input_packet
                0x000068d0        0x6 contiki-sky.a(csma.o)
 .text.on       0x000068d6        0x6 contiki-sky.a(csma.o)
 .text.off      0x000068dc        0x6 contiki-sky.a(csma.o)
 .text.channel_check_interval
                0x000068e2       0x10 contiki-sky.a(csma.o)
 .text.transmit_packet_list
                0x000068f2       0x24 contiki-sky.a(csma.o)
 .text.init     0x00006916       0x1a contiki-sky.a(csma.o)
 .text.send_packet
                0x00006930      0x184 contiki-sky.a(csma.o)
 .text.free_packet
                0x00006ab4       0x98 contiki-sky.a(csma.o)
 .text.packet_sent
                0x00006b4c      0x130 contiki-sky.a(csma.o)
 .text.mac_call_sent_callback
                0x00006c7c       0x14 contiki-sky.a(mac.o)
                0x00006c7c                mac_call_sent_callback
 .text.linkaddr_copy
                0x00006c90        0xc contiki-sky.a(linkaddr.o)
                0x00006c90                linkaddr_copy
 .text.linkaddr_cmp
                0x00006c9c       0x12 contiki-sky.a(linkaddr.o)
                0x00006c9c                linkaddr_cmp
 .text.linkaddr_set_node_addr
                0x00006cae        0xc contiki-sky.a(linkaddr.o)
                0x00006cae                linkaddr_set_node_addr
 .text.packetbuf_compact
                0x00006cba       0x2e contiki-sky.a(packetbuf.o)
                0x00006cba                packetbuf_compact
 .text.packetbuf_copyto
                0x00006ce8       0x52 contiki-sky.a(packetbuf.o)
                0x00006ce8                packetbuf_copyto
 .text.packetbuf_hdrreduce
                0x00006d3a       0x1a contiki-sky.a(packetbuf.o)
                0x00006d3a                packetbuf_hdrreduce
 .text.packetbuf_set_datalen
                0x00006d54        0x6 contiki-sky.a(packetbuf.o)
                0x00006d54                packetbuf_set_datalen
 .text.packetbuf_dataptr
                0x00006d5a        0xe contiki-sky.a(packetbuf.o)
                0x00006d5a                packetbuf_dataptr
 .text.packetbuf_hdrptr
                0x00006d68        0xa contiki-sky.a(packetbuf.o)
                0x00006d68                packetbuf_hdrptr
 .text.packetbuf_datalen
                0x00006d72        0x6 contiki-sky.a(packetbuf.o)
                0x00006d72                packetbuf_datalen
 .text.packetbuf_hdrlen
                0x00006d78       0x10 contiki-sky.a(packetbuf.o)
                0x00006d78                packetbuf_hdrlen
 .text.packetbuf_totlen
                0x00006d88        0xc contiki-sky.a(packetbuf.o)
                0x00006d88                packetbuf_totlen
 .text.packetbuf_hdralloc
                0x00006d94       0x2e contiki-sky.a(packetbuf.o)
                0x00006d94                packetbuf_hdralloc
 .text.packetbuf_attr_clear
                0x00006dc2       0x2c contiki-sky.a(packetbuf.o)
                0x00006dc2                packetbuf_attr_clear
 .text.packetbuf_clear
                0x00006dee       0x1a contiki-sky.a(packetbuf.o)
                0x00006dee                packetbuf_clear
 .text.packetbuf_copyfrom
                0x00006e08       0x2e contiki-sky.a(packetbuf.o)
                0x00006e08                packetbuf_copyfrom
 .text.packetbuf_attr_copyto
                0x00006e36       0x20 contiki-sky.a(packetbuf.o)
                0x00006e36                packetbuf_attr_copyto
 .text.packetbuf_attr_copyfrom
                0x00006e56       0x22 contiki-sky.a(packetbuf.o)
                0x00006e56                packetbuf_attr_copyfrom
 .text.packetbuf_holds_broadcast
                0x00006e78        0xe contiki-sky.a(packetbuf.o)
                0x00006e78                packetbuf_holds_broadcast
 .text.queuebuf_init
                0x00006e86       0x12 contiki-sky.a(queuebuf.o)
                0x00006e86                queuebuf_init
 .text.queuebuf_new_from_packetbuf
                0x00006e98       0x52 contiki-sky.a(queuebuf.o)
                0x00006e98                queuebuf_new_from_packetbuf
 .text.queuebuf_update_attr_from_packetbuf
                0x00006eea       0x12 contiki-sky.a(queuebuf.o)
                0x00006eea                queuebuf_update_attr_from_packetbuf
 .text.queuebuf_update_from_packetbuf
                0x00006efc       0x22 contiki-sky.a(queuebuf.o)
                0x00006efc                queuebuf_update_from_packetbuf
 .text.queuebuf_free
                0x00006f1e       0x2a contiki-sky.a(queuebuf.o)
                0x00006f1e                queuebuf_free
 .text.queuebuf_to_packetbuf
                0x00006f48       0x32 contiki-sky.a(queuebuf.o)
                0x00006f48                queuebuf_to_packetbuf
 .text.queuebuf_attr
                0x00006f7a        0xe contiki-sky.a(queuebuf.o)
                0x00006f7a                queuebuf_attr
 .text.duty_cycle
                0x00006f88        0x6 contiki-sky.a(contikimac.o)
 .text.init     0x00006f8e       0x2a contiki-sky.a(contikimac.o)
 .text.on       0x00006fb8       0x1a contiki-sky.a(contikimac.o)
 .text.off      0x00006fd2       0x22 contiki-sky.a(contikimac.o)
 .text.recv_burst_off
                0x00006ff4        0xa contiki-sky.a(contikimac.o)
 .text.turn_off
                0x00006ffe       0x20 contiki-sky.a(contikimac.o)
 .text.turn_on  0x0000701e       0x30 contiki-sky.a(contikimac.o)
 .text.schedule_powercycle_fixed.part.4
                0x0000704e       0x34 contiki-sky.a(contikimac.o)
 .text.powercycle_turn_radio_off
                0x00007082       0x30 contiki-sky.a(contikimac.o)
 .text.input_packet
                0x000070b2       0xb6 contiki-sky.a(contikimac.o)
 .text.send_packet.isra.7
                0x00007168      0x20c contiki-sky.a(contikimac.o)
 .text.qsend_list
                0x00007374       0xc4 contiki-sky.a(contikimac.o)
 .text.qsend_packet
                0x00007438       0x28 contiki-sky.a(contikimac.o)
 .text.powercycle
                0x00007460      0x1d6 contiki-sky.a(contikimac.o)
 .text.hdr_length
                0x00007636        0x8 contiki-sky.a(contikimac-fram)
 .text.parse    0x0000763e       0x3e contiki-sky.a(contikimac-fram)
 .text.create   0x0000767c       0x26 contiki-sky.a(contikimac-fram)
 .text.create_and_secure
                0x000076a2       0x6a contiki-sky.a(contikimac-fram)
 .text.bootstrap
                0x0000770c        0x4 contiki-sky.a(nullsec.o)
 .text.send     0x00007710        0xa contiki-sky.a(nullsec.o)
 .text.on_frame_created
                0x0000771a        0x4 contiki-sky.a(nullsec.o)
 .text.input    0x0000771e        0x6 contiki-sky.a(nullsec.o)
 .text.get_overhead
                0x00007724        0x4 contiki-sky.a(nullsec.o)
 .text.crc8_add
                0x00007728       0x1c contiki-sky.a(sht11.o)
 .text.sstart   0x00007744       0x3e contiki-sky.a(sht11.o)
 .text.swrite   0x00007782       0x62 contiki-sky.a(sht11.o)
 .text.sread    0x000077e4       0x4c contiki-sky.a(sht11.o)
 .text.sreset   0x00007830       0x2a contiki-sky.a(sht11.o)
 .text.scmd.part.0
                0x0000785a       0xb4 contiki-sky.a(sht11.o)
 .text.sht11_init
                0x0000790e       0x1a contiki-sky.a(sht11.o)
                0x0000790e                sht11_init
 .text.sht11_off
                0x00007928       0x14 contiki-sky.a(sht11.o)
                0x00007928                sht11_off
 .text.sht11_temp
                0x0000793c        0xa contiki-sky.a(sht11.o)
                0x0000793c                sht11_temp
 .text.sht11_humidity
                0x00007946        0xa contiki-sky.a(sht11.o)
                0x00007946                sht11_humidity
 .text.sht11_sreg
                0x00007950       0x80 contiki-sky.a(sht11.o)
                0x00007950                sht11_sreg
 .text.spi_init
                0x000079d0       0x30 contiki-sky.a(spi.o)
                0x000079d0                spi_init
 .text.compower_accumulate
                0x00007a00       0x72 contiki-sky.a(compower.o)
                0x00007a00                compower_accumulate
 .text.compower_clear
                0x00007a72       0x12 contiki-sky.a(compower.o)
                0x00007a72                compower_clear
 .text.compower_attrconv
                0x00007a84       0x10 contiki-sky.a(compower.o)
                0x00007a84                compower_attrconv
 .text.memb_init
                0x00007a94       0x36 contiki-sky.a(memb.o)
                0x00007a94                memb_init
 .text.memb_alloc
                0x00007aca       0x3e contiki-sky.a(memb.o)
                0x00007aca                memb_alloc
 .text.memb_free
                0x00007b08       0x3a contiki-sky.a(memb.o)
                0x00007b08                memb_free
 .text.memb_inmemb
                0x00007b42       0x2a contiki-sky.a(memb.o)
                0x00007b42                memb_inmemb
 .text.abc_open
                0x00007b6c       0x26 contiki-sky.a(abc.o)
                0x00007b6c                abc_open
 .text.abc_close
                0x00007b92        0x6 contiki-sky.a(abc.o)
                0x00007b92                abc_close
 .text.abc_send
                0x00007b98        0x6 contiki-sky.a(abc.o)
                0x00007b98                abc_send
 .text.abc_input
                0x00007b9e        0xe contiki-sky.a(abc.o)
                0x00007b9e                abc_input
 .text.abc_sent
                0x00007bac       0x10 contiki-sky.a(abc.o)
                0x00007bac                abc_sent
 .text.announcement_init
                0x00007bbc        0xa contiki-sky.a(announcement.o)
                0x00007bbc                announcement_init
 .text.announcement_register_observer_callback
                0x00007bc6        0x6 contiki-sky.a(announcement.o)
                0x00007bc6                announcement_register_observer_callback
 .text.announcement_list
                0x00007bcc        0xa contiki-sky.a(announcement.o)
                0x00007bcc                announcement_list
 .text.announcement_heard
                0x00007bd6       0x42 contiki-sky.a(announcement.o)
                0x00007bd6                announcement_heard
 .text.adv_packet_sent
                0x00007c18        0x2 contiki-sky.a(broadcast-annou)
 .text.adv_packet_received
                0x00007c1a       0x64 contiki-sky.a(broadcast-annou)
 .text.set_timers
                0x00007c7e       0x4a contiki-sky.a(broadcast-annou)
 .text.send_timer
                0x00007cc8       0x32 contiki-sky.a(broadcast-annou)
 .text.send_adv
                0x00007cfa       0x66 contiki-sky.a(broadcast-annou)
 .text.new_announcement
                0x00007d60       0x18 contiki-sky.a(broadcast-annou)
 .text.broadcast_announcement_init
                0x00007d78       0x48 contiki-sky.a(broadcast-annou)
                0x00007d78                broadcast_announcement_init
 .text.chameleon_init
                0x00007dc0        0x6 contiki-sky.a(chameleon.o)
                0x00007dc0                chameleon_init
 .text.chameleon_parse
                0x00007dc6       0x10 contiki-sky.a(chameleon.o)
                0x00007dc6                chameleon_parse
 .text.chameleon_create
                0x00007dd6       0x1c contiki-sky.a(chameleon.o)
                0x00007dd6                chameleon_create
 .text.chameleon_hdrsize
                0x00007df2        0x6 contiki-sky.a(chameleon.o)
                0x00007df2                chameleon_hdrsize
 .text.create_frame.isra.0
                0x00007df8      0x104 contiki-sky.a(framer-802154.o)
 .text.create   0x00007efc        0x8 contiki-sky.a(framer-802154.o)
 .text.hdr_length
                0x00007f04        0x8 contiki-sky.a(framer-802154.o)
 .text.parse    0x00007f0c       0xa4 contiki-sky.a(framer-802154.o)
 .text.framer_canonical_create_and_secure
                0x00007fb0       0x20 contiki-sky.a(framer.o)
                0x00007fb0                framer_canonical_create_and_secure
 .text.mac_sequence_is_duplicate
                0x00007fd0       0x3c contiki-sky.a(mac-sequence.o)
                0x00007fd0                mac_sequence_is_duplicate
 .text.mac_sequence_register_seqno
                0x0000800c       0x5c contiki-sky.a(mac-sequence.o)
                0x0000800c                mac_sequence_register_seqno
 .text.header_size
                0x00008068       0x16 contiki-sky.a(chameleon-bitop)
 .text.get_bits_in_byte
                0x0000807e       0x3a contiki-sky.a(chameleon-bitop)
                0x0000807e                get_bits_in_byte
 .text.get_bits
                0x000080b8       0xa2 contiki-sky.a(chameleon-bitop)
                0x000080b8                get_bits
 .text.unpack_header
                0x0000815a       0xd2 contiki-sky.a(chameleon-bitop)
 .text.set_bits_in_byte
                0x0000822c       0x2c contiki-sky.a(chameleon-bitop)
                0x0000822c                set_bits_in_byte
 .text.set_bits
                0x00008258       0xc8 contiki-sky.a(chameleon-bitop)
                0x00008258                set_bits
 .text.pack_header
                0x00008320       0xbe contiki-sky.a(chameleon-bitop)
 .text.field_len
                0x000083de       0x90 contiki-sky.a(frame802154.o)
 .text.frame802154_hdrlen
                0x0000846e       0x2e contiki-sky.a(frame802154.o)
                0x0000846e                frame802154_hdrlen
 .text.frame802154_create
                0x0000849c      0x146 contiki-sky.a(frame802154.o)
                0x0000849c                frame802154_create
 .text.frame802154_parse
                0x000085e2      0x1ba contiki-sky.a(frame802154.o)
                0x000085e2                frame802154_parse
 .text.libgcc   0x0000879c       0x2c /usr/local/msp430/bin/../lib/gcc/msp430/4.7.0/mmpy-16/libgcc.a(_mulsi3.o)
                0x0000879c                __mulsi3
 .text.libgcc   0x000087c8       0x3a /usr/local/msp430/bin/../lib/gcc/msp430/4.7.0/mmpy-16/libgcc.a(_divmod16.o)
                0x000087c8                __ext_divmod16
                0x000087c8                __divhi3
                0x000087fa                __modhi3
 .text.libgcc   0x00008802       0x40 /usr/local/msp430/bin/../lib/gcc/msp430/4.7.0/mmpy-16/libgcc.a(_udivmod32.o)
                0x00008802                __udivsi3
                0x00008802                __ext_udivmod32
                0x00008838                __umodsi3
 .text.libgcc   0x00008842       0x22 /usr/local/msp430/bin/../lib/gcc/msp430/4.7.0/mmpy-16/libgcc.a(_udivmod16.o)
                0x00008842                __udivhi3
                0x00008842                __ext_udivmod16
                0x0000885c                __umodhi3
 .text.printf   0x00008864       0x10 /usr/local/msp430/bin/../lib/gcc/msp430/4.7.0/../../../../msp430/lib/mmpy-16/libc.a(printf.o)
                0x00008864                printf
 .text.print_field
                0x00008874      0x194 /usr/local/msp430/bin/../lib/gcc/msp430/4.7.0/../../../../msp430/lib/mmpy-16/libc.a(vuprintf.o)
 .text.vuprintf
                0x00008a08      0x63c /usr/local/msp430/bin/../lib/gcc/msp430/4.7.0/../../../../msp430/lib/mmpy-16/libc.a(vuprintf.o)
                0x00008a08                vuprintf
 .text.puts     0x00009044       0x2c /usr/local/msp430/bin/../lib/gcc/msp430/4.7.0/../../../../msp430/lib/mmpy-16/libc.a(puts.o)
                0x00009044                puts
 .text.rand     0x00009070       0x26 /usr/local/msp430/bin/../lib/gcc/msp430/4.7.0/../../../../msp430/lib/mmpy-16/libc.a(rand.o)
                0x00009070                rand
 .text.srand    0x00009096        0xa /usr/local/msp430/bin/../lib/gcc/msp430/4.7.0/../../../../msp430/lib/mmpy-16/libc.a(rand.o)
                0x00009096                srand
 .text.memcmp   0x000090a0       0x30 /usr/local/msp430/bin/../lib/gcc/msp430/4.7.0/../../../../msp430/lib/mmpy-16/libc.a(memcmp.o)
                0x000090a0                memcmp
 .text.memcpy   0x000090d0       0xfa /usr/local/msp430/bin/../lib/gcc/msp430/4.7.0/../../../../msp430/lib/mmpy-16/libc.a(memcpy.o)
                0x000090d0                memcpy
 .text.memset   0x000091ca       0x6a /usr/local/msp430/bin/../lib/gcc/msp430/4.7.0/../../../../msp430/lib/mmpy-16/libc.a(memset.o)
                0x000091ca                memset
 .text.libgcc   0x00009234       0xf0 /usr/local/msp430/bin/../lib/gcc/msp430/4.7.0/mmpy-16/libgcc.a(_udivmod64.o)
                0x00009234                __xabi_udivmod64
                0x00009292                __udivdi3
                0x000092b8                __umoddi3
                0x000092e6                __udivmoddi4
 .text.crt0     0x00009324        0x2 /usr/local/msp430/bin/../lib/gcc/msp430/4.7.0/mmpy-16/libcrt0.a(_unexpected_.o)
                0x00009324                _unexpected_
 *(.near.text .near.text.*)

.rodata         0x00009328      0x24b
                0x00009328                . = ALIGN (0x2)
 *(.rodata .rodata.* .gnu.linkonce.r.*)
 .rodata        0x00009328       0x18 sensor.co
                0x00009328                autostart_processes
 .rodata        0x00009340       0xe5 obj_sky/contiki-sky-main.o
 *fill*         0x00009425        0x1 00
 .rodata        0x00009426        0xe contiki-sky.a(sht11-sensor.o)
                0x0000942c                sht11_sensor
 .rodata        0x00009434        0xe contiki-sky.a(light-sensor.o)
                0x0000943a                light_sensor
 .rodata        0x00009442       0x10 contiki-sky.a(button-sensor.o)
                0x0000944a                button_sensor
 .rodata        0x00009452        0x8 contiki-sky.a(sensors.o)
 *fill*         0x0000945a        0x2 00
 .rodata.get_value
                0x0000945c       0x1c contiki-sky.a(cc2420.o)
 .rodata        0x00009478       0x3e contiki-sky.a(cc2420.o)
                0x00009478                cc2420_aes_128_driver
                0x0000947c                cc2420_driver
 .rodata        0x000094b6        0xf contiki-sky.a(ctimer.o)
 .rodata        0x000094c5        0xc contiki-sky.a(etimer.o)
 .rodata        0x000094d1        0xe contiki-sky.a(serial-line.o)
 *fill*         0x000094df        0x1 00
 .rodata        0x000094e0        0x8 contiki-sky.a(broadcast.o)
 .rodata        0x000094e8        0xc contiki-sky.a(rime.o)
                0x000094ee                rime_driver
 .rodata        0x000094f4        0xa contiki-sky.a(unicast.o)
 .rodata        0x000094fe       0x14 contiki-sky.a(csma.o)
                0x00009504                csma_driver
 .rodata        0x00009512        0x2 contiki-sky.a(linkaddr.o)
                0x00009512                linkaddr_null
 .rodata        0x00009514       0x1c contiki-sky.a(contikimac.o)
                0x00009520                contikimac_driver
 .rodata        0x00009530        0x8 contiki-sky.a(contikimac-fram)
                0x00009530                contikimac_framer
 .rodata        0x00009538       0x14 contiki-sky.a(nullsec.o)
                0x00009540                nullsec_driver
 .rodata        0x0000954c        0x2 contiki-sky.a(abc.o)
 .rodata        0x0000954e        0x4 contiki-sky.a(broadcast-annou)
 .rodata        0x00009552        0x8 contiki-sky.a(framer-802154.o)
                0x00009552                framer_802154
 .rodata        0x0000955a       0x10 contiki-sky.a(chameleon-bitop)
                0x0000955a                chameleon_bitopt
 .rodata        0x0000956a        0x2 contiki-sky.a(frame802154.o)
 .rodata.vuprintf
                0x0000956c        0x7 /usr/local/msp430/bin/../lib/gcc/msp430/4.7.0/../../../../msp430/lib/mmpy-16/libc.a(vuprintf.o)
 *(.near.rodata .near.rodata.*)
                0x00009574                . = ALIGN (0x2)
                0x00009574                _etext = .

.data           0x00001100       0x70 load address 0x00009574
                0x00001100                . = ALIGN (0x2)
                0x00001100                __data_start = .
 *(.data .data.* .gnu.linkonce.d.*)
 .data          0x00001100        0xa sensor.co
                0x00001100                send_sensor_info_process
 .data          0x0000110a        0x4 contiki-sky.a(contiki-sky-pla)
                0x0000110a                sensors
 .data          0x0000110e        0x1 contiki-sky.a(sht11-sensor.o)
 *fill*         0x0000110f        0x1 00
 .data          0x00001110        0xa contiki-sky.a(sensors.o)
                0x00001110                sensors_process
 .data          0x0000111a        0xa contiki-sky.a(cc2420.o)
                0x0000111a                cc2420_process
 .data          0x00001124        0x2 contiki-sky.a(msp430.o)
 .data          0x00001126        0xa contiki-sky.a(ctimer.o)
                0x00001126                ctimer_process
 .data          0x00001130        0xa contiki-sky.a(etimer.o)
                0x00001130                etimer_process
 .data          0x0000113a        0xa contiki-sky.a(serial-line.o)
                0x0000113a                serial_line_process
 .data          0x00001144       0x18 contiki-sky.a(csma.o)
 .data          0x0000115c       0x10 contiki-sky.a(queuebuf.o)
 .data.next     0x0000116c        0x4 /usr/local/msp430/bin/../lib/gcc/msp430/4.7.0/../../../../msp430/lib/mmpy-16/libc.a(rand.o)
 *(.near.data .near.data.*)
                0x00001170                . = ALIGN (0x2)
                0x00001170                _edata = .
                0x00009574                __data_load_start = LOADADDR (.data)
                0x00000070                __data_size = SIZEOF (.data)

.bss            0x00001170     0x11de load address 0x000095e4
                0x00001170                __bss_start = .
 *(.bss .bss.*)
 .bss           0x00001170       0x2e sensor.co
 .bss           0x0000119e        0xc obj_sky/contiki-sky-main.o
 .bss           0x000011aa        0x8 contiki-sky.a(button-sensor.o)
 .bss           0x000011b2        0x2 contiki-sky.a(node-id.o)
                0x000011b2                node_id
 .bss           0x000011b4        0x6 contiki-sky.a(sensors.o)
 .bss           0x000011ba        0x8 contiki-sky.a(cc2420.o)
 .bss           0x000011c2        0x4 contiki-sky.a(sky-sensors.o)
 .bss           0x000011c6       0x9a contiki-sky.a(uart1.o)
 .bss           0x00001260        0xa contiki-sky.a(clock.o)
 .bss           0x0000126a        0x1 contiki-sky.a(leds.o)
 *fill*         0x0000126b        0x1 00
 .bss           0x0000126c        0x2 contiki-sky.a(watchdog.o)
 .bss           0x0000126e        0x4 contiki-sky.a(ctimer.o)
 .bss           0x00001272        0x6 contiki-sky.a(etimer.o)
 .bss           0x00001278       0x42 contiki-sky.a(process.o)
                0x00001278                process_current
                0x0000127a                process_list
 .bss           0x000012ba        0x2 contiki-sky.a(rtimer.o)
 .bss           0x000012bc      0x10a contiki-sky.a(serial-line.o)
 .bss           0x000013c6        0x2 contiki-sky.a(channel.o)
 .bss           0x000013c8        0x2 contiki-sky.a(rime.o)
 .bss           0x000013ca      0x128 contiki-sky.a(csma.o)
 .bss           0x000014f2       0xb8 contiki-sky.a(packetbuf.o)
 .bss           0x000015aa      0xc20 contiki-sky.a(queuebuf.o)
 .bss           0x000021ca       0x32 contiki-sky.a(contikimac.o)
 .bss           0x000021fc        0x8 contiki-sky.a(compower.o)
 .bss           0x00002204        0x6 contiki-sky.a(announcement.o)
 .bss           0x0000220a       0x46 contiki-sky.a(broadcast-annou)
 .bss           0x00002250        0x2 contiki-sky.a(framer-802154.o)
 .bss           0x00002252       0x40 contiki-sky.a(mac-sequence.o)
 *(.near.bss .near.bss.*)
 *(COMMON)
 COMMON         0x00002292        0x2 contiki-sky.a(contiki-sky-pla)
                0x00002292                sensors_flags
 COMMON         0x00002294        0x8 contiki-sky.a(ds2411.o)
                0x00002294                ds2411_id
 COMMON         0x0000229c        0x1 contiki-sky.a(sensors.o)
                0x0000229c                sensors_event
 *fill*         0x0000229d        0x1 00
 COMMON         0x0000229e       0x10 contiki-sky.a(cc2420.o)
                0x0000229e                cc2420_last_rssi
                0x000022a0                cc2420_sfd_start_time
                0x000022a2                cc2420_time_of_departure
                0x000022a4                cc2420_time_of_arrival
                0x000022a6                cc2420_last_correlation
                0x000022a8                cc2420_authority_level_of_sender
                0x000022aa                cc2420_sfd_counter
                0x000022ac                cc2420_sfd_end_time
 COMMON         0x000022ae        0x2 contiki-sky.a(msp430.o)
                0x000022ae                msp430_dco_required
 COMMON         0x000022b0       0x56 contiki-sky.a(energest.o)
                0x000022b0                energest_total_time
                0x000022e0                energest_total_count
                0x000022e2                energest_current_mode
                0x000022ee                energest_current_time
 COMMON         0x00002306        0x1 contiki-sky.a(process.o)
                0x00002306                process_maxevents
 COMMON         0x00002307        0x1 contiki-sky.a(serial-line.o)
                0x00002307                serial_line_event_message
 COMMON         0x00002308        0x2 contiki-sky.a(linkaddr.o)
                0x00002308                linkaddr_node_addr
 COMMON         0x0000230a       0x3c contiki-sky.a(packetbuf.o)
                0x0000230a                packetbuf_addrs
                0x00002312                packetbuf_attrs
 COMMON         0x00002346        0x8 contiki-sky.a(compower.o)
                0x00002346                compower_idle_activity
                0x0000234e                . = ALIGN (0x2)
                0x0000234e                __bss_end = .
                0x000011de                __bss_size = SIZEOF (.bss)

.noinit         0x0000234e        0x2 load address 0x000095e4
                0x0000234e                . = ALIGN (0x2)
                0x0000234e                __noinit_start = .
 *(.noinit .noinit.*)
 .noinit.crt0   0x0000234e        0x2 /usr/local/msp430/bin/../lib/gcc/msp430/4.7.0/mmpy-16/libcrt0.a(__watchdog_support.o)
                0x0000234e                __wdt_clear_value
                0x00002350                . = ALIGN (0x2)
                0x00002350                __noinit_end = .
                0x00002350                . = ALIGN (0x2)
                0x00002350                _end = .

.infomem        0x00001000        0x0
                0x00001000                . = ALIGN (0x2)
 *(.infomem .infomem.*)

.infomemnobits  0x00001000        0x0
                0x00001000                . = ALIGN (0x2)
 *(.infomemnobits .infomemnobits.*)

.infoa          0x00001080        0x0
                0x00001080                . = ALIGN (0x2)
 *(.infoa .infoa.*)

.infob          0x00001000        0x0
                0x00001000                . = ALIGN (0x2)
 *(.infob .infob.*)

.infoc          0x00000000        0x0
                0x00000000                . = ALIGN (0x2)
 *(.infoc .infoc.*)

.infod          0x00000000        0x0
                0x00000000                . = ALIGN (0x2)
 *(.infod .infod.*)

.vectors        0x0000ffe0       0x20
                0x0000ffe0                __vectors_start = .
 *(.vectors*)
 .vectors       0x0000ffe0       0x20 /usr/local/msp430/bin/../lib/gcc/msp430/4.7.0/mmpy-16/crt0ivtbl16.o
                0x0000ffe0                __ivtbl_16
                0x00010000                _vectors_end = .

.fartext        0x00000000        0x0
                0x00000000                . = ALIGN (0x2)
 *(.fartext .fartext.*)

.far.text       0x00000000        0x0
                0x00000000                . = ALIGN (0x2)
 *(.far.text .far.text.*)

.far.rodata     0x00000000        0x0
                0x00000000                . = ALIGN (0x2)
 *(.far.rodata .far.rodata.*)
                0x00000000                . = ALIGN (0x2)
                0x00000000                _efartext = .

.far.data       0x00000000        0x0
                0x00000000                . = ALIGN (0x2)
                0x00000000                __far_data_start = .
 *(.far.data .far.data.*)
                0x00000000                . = ALIGN (0x2)
                0x00000000                _efardata = .
                0x00000000                __far_data_load_start = LOADADDR (.far.data)
                0x00000000                __far_data_size = SIZEOF (.far.data)

.far.bss        0x00000000        0x0
                0x00000000                . = ALIGN (0x2)
                0x00000000                __far_bss_start = .
 *(.far.bss .far.bss.*)
                0x00000000                . = ALIGN (0x2)
                0x00000000                __far_bss_end = .
                0x00000000                __far_bss_size = SIZEOF (.far.bss)
                0x00000000                . = ALIGN (0x2)
                0x00000000                _far_end = .

.profiler
 *(.profiler)

.stab           0x00000000    0x1b210
 *(.stab)
 .stab          0x00000000     0x13ec sensor.co
 .stab          0x000013ec     0x108c obj_sky/contiki-sky-main.o
                               0x17ac (size before relaxing)
 .stab          0x00002478      0x240 contiki-sky.a(contiki-sky-pla)
                                0x5ac (size before relaxing)
 .stab          0x000026b8      0x438 contiki-sky.a(sht11-sensor.o)
                                0x948 (size before relaxing)
 .stab          0x00002af0      0x324 contiki-sky.a(light-sensor.o)
                                0x690 (size before relaxing)
 .stab          0x00002e14      0x468 contiki-sky.a(button-sensor.o)
                                0x7d4 (size before relaxing)
 .stab          0x0000327c      0x618 contiki-sky.a(ds2411.o)
                                0xb34 (size before relaxing)
 .stab          0x00003894      0xb4c contiki-sky.a(xmem.o)
                                0xf00 (size before relaxing)
 .stab          0x000043e0      0x2b8 contiki-sky.a(node-id.o)
                                0x4e0 (size before relaxing)
 .stab          0x00004698      0x684 contiki-sky.a(sensors.o)
                                0xbb8 (size before relaxing)
 .stab          0x00004d1c     0x22f8 contiki-sky.a(cc2420.o)
                               0x2c40 (size before relaxing)
 .stab          0x00007014      0x9cc contiki-sky.a(cc2420-arch.o)
                               0x13f8 (size before relaxing)
 .stab          0x000079e0      0x4ec contiki-sky.a(sky-sensors.o)
                                0x858 (size before relaxing)
 .stab          0x00007ecc      0x600 contiki-sky.a(uart1.o)
                                0x954 (size before relaxing)
 .stab          0x000084cc      0x27c contiki-sky.a(uart1-putchar.o)
                                0x7bc (size before relaxing)
 .stab          0x00008748      0x72c contiki-sky.a(msp430.o)
                                0xa80 (size before relaxing)
 .stab          0x00008e74      0x930 contiki-sky.a(clock.o)
                                0xc84 (size before relaxing)
 .stab          0x000097a4      0x5a0 contiki-sky.a(leds.o)
                                0x7ec (size before relaxing)
 .stab          0x00009d44      0x378 contiki-sky.a(leds-arch.o)
                                0x6cc (size before relaxing)
 .stab          0x0000a0bc      0x3cc contiki-sky.a(watchdog.o)
                                0x720 (size before relaxing)
 .stab          0x0000a488      0x3b4 contiki-sky.a(rtimer-arch.o)
                                0x708 (size before relaxing)
 .stab          0x0000a83c      0x294 contiki-sky.a(autostart.o)
                                0x534 (size before relaxing)
 .stab          0x0000aad0      0x78c contiki-sky.a(ctimer.o)
                                0xaf8 (size before relaxing)
 .stab          0x0000b25c      0x474 contiki-sky.a(energest.o)
                                0x6fc (size before relaxing)
 .stab          0x0000b6d0      0x9fc contiki-sky.a(etimer.o)
                                0xccc (size before relaxing)
 .stab          0x0000c0cc      0xb70 contiki-sky.a(process.o)
                               0x1008 (size before relaxing)
 .stab          0x0000cc3c      0x3cc contiki-sky.a(rtimer.o)
                                0x6b4 (size before relaxing)
 .stab          0x0000d008      0x348 contiki-sky.a(timer.o)
                                0x588 (size before relaxing)
 .stab          0x0000d350      0x51c contiki-sky.a(serial-line.o)
                                0xa38 (size before relaxing)
 .stab          0x0000d86c      0x7bc contiki-sky.a(list.o)
                                0x7c8 (size before relaxing)
 .stab          0x0000e028      0x21c contiki-sky.a(random.o)
                                0x618 (size before relaxing)
 .stab          0x0000e244      0x3f0 contiki-sky.a(ringbuf.o)
                                0x630 (size before relaxing)
 .stab          0x0000e634      0x6cc contiki-sky.a(broadcast.o)
                               0x1500 (size before relaxing)
 .stab          0x0000ed00      0x654 contiki-sky.a(channel.o)
                               0x1278 (size before relaxing)
 .stab          0x0000f354      0xcb4 contiki-sky.a(rime.o)
                               0x13f8 (size before relaxing)
 .stab          0x00010008      0x618 contiki-sky.a(unicast.o)
                               0x1290 (size before relaxing)
 .stab          0x00010620      0xdec contiki-sky.a(csma.o)
                               0x159c (size before relaxing)
 .stab          0x0001140c      0x1f8 contiki-sky.a(mac.o)
                                0x4ec (size before relaxing)
 .stab          0x00011604      0x2ac contiki-sky.a(linkaddr.o)
                                0x6a8 (size before relaxing)
 .stab          0x000118b0      0xd74 contiki-sky.a(packetbuf.o)
                               0x1bc0 (size before relaxing)
 .stab          0x00012624      0xa38 contiki-sky.a(queuebuf.o)
                               0x186c (size before relaxing)
 .stab          0x0001305c     0x17ac contiki-sky.a(contikimac.o)
                               0x23b8 (size before relaxing)
 .stab          0x00014808      0x6d8 contiki-sky.a(contikimac-fram)
                                0xf18 (size before relaxing)
 .stab          0x00014ee0      0x684 contiki-sky.a(nullsec.o)
                                0xd80 (size before relaxing)
 .stab          0x00015564      0xbb8 contiki-sky.a(sht11.o)
                               0x10e0 (size before relaxing)
 .stab          0x0001611c      0x1f8 contiki-sky.a(spi.o)
                                0x420 (size before relaxing)
 .stab          0x00016314      0x4ec contiki-sky.a(compower.o)
                                0xcf0 (size before relaxing)
 .stab          0x00016800      0x5c4 contiki-sky.a(memb.o)
                                0xaf8 (size before relaxing)
 .stab          0x00016dc4      0x660 contiki-sky.a(abc.o)
                               0x1494 (size before relaxing)
 .stab          0x00017424      0x6b4 contiki-sky.a(announcement.o)
                                0x954 (size before relaxing)
 .stab          0x00017ad8      0x948 contiki-sky.a(broadcast-annou)
                               0x15c0 (size before relaxing)
 .stab          0x00018420      0x588 contiki-sky.a(chameleon.o)
                               0x1230 (size before relaxing)
 .stab          0x000189a8      0x918 contiki-sky.a(framer-802154.o)
                                0xf54 (size before relaxing)
 .stab          0x000192c0      0x318 contiki-sky.a(framer.o)
                                0xc54 (size before relaxing)
 .stab          0x000195d8      0x600 contiki-sky.a(mac-sequence.o)
                               0x144c (size before relaxing)
 .stab          0x00019bd8      0xd44 contiki-sky.a(chameleon-bitop)
                               0x19bc (size before relaxing)
 .stab          0x0001a91c      0x8f4 contiki-sky.a(frame802154.o)
                               0x10c8 (size before relaxing)

.stabstr        0x00000000    0x160be
 *(.stabstr)
 .stabstr       0x00000000    0x160be sensor.co

.stab.excl
 *(.stab.excl)

.stab.exclstr
 *(.stab.exclstr)

.stab.index
 *(.stab.index)

.stab.indexstr
 *(.stab.indexstr)

.comment        0x00000000       0x30
 *(.comment)
 .comment       0x00000000       0x30 sensor.co
                                 0x31 (size before relaxing)
 .comment       0x00000000       0x31 obj_sky/contiki-sky-main.o
 .comment       0x00000000       0x31 contiki-sky.a(contiki-sky-pla)
 .comment       0x00000000       0x31 contiki-sky.a(sht11-sensor.o)
 .comment       0x00000000       0x31 contiki-sky.a(light-sensor.o)
 .comment       0x00000000       0x31 contiki-sky.a(button-sensor.o)
 .comment       0x00000000       0x31 contiki-sky.a(ds2411.o)
 .comment       0x00000000       0x31 contiki-sky.a(xmem.o)
 .comment       0x00000000       0x31 contiki-sky.a(node-id.o)
 .comment       0x00000000       0x31 contiki-sky.a(sensors.o)
 .comment       0x00000000       0x31 contiki-sky.a(cc2420.o)
 .comment       0x00000000       0x31 contiki-sky.a(cc2420-arch.o)
 .comment       0x00000000       0x31 contiki-sky.a(sky-sensors.o)
 .comment       0x00000000       0x31 contiki-sky.a(uart1.o)
 .comment       0x00000000       0x31 contiki-sky.a(uart1-putchar.o)
 .comment       0x00000000       0x31 contiki-sky.a(msp430.o)
 .comment       0x00000000       0x31 contiki-sky.a(clock.o)
 .comment       0x00000000       0x31 contiki-sky.a(leds.o)
 .comment       0x00000000       0x31 contiki-sky.a(leds-arch.o)
 .comment       0x00000000       0x31 contiki-sky.a(watchdog.o)
 .comment       0x00000000       0x31 contiki-sky.a(rtimer-arch.o)
 .comment       0x00000000       0x31 contiki-sky.a(autostart.o)
 .comment       0x00000000       0x31 contiki-sky.a(ctimer.o)
 .comment       0x00000000       0x31 contiki-sky.a(energest.o)
 .comment       0x00000000       0x31 contiki-sky.a(etimer.o)
 .comment       0x00000000       0x31 contiki-sky.a(process.o)
 .comment       0x00000000       0x31 contiki-sky.a(rtimer.o)
 .comment       0x00000000       0x31 contiki-sky.a(timer.o)
 .comment       0x00000000       0x31 contiki-sky.a(serial-line.o)
 .comment       0x00000000       0x31 contiki-sky.a(list.o)
 .comment       0x00000000       0x31 contiki-sky.a(random.o)
 .comment       0x00000000       0x31 contiki-sky.a(ringbuf.o)
 .comment       0x00000000       0x31 contiki-sky.a(broadcast.o)
 .comment       0x00000000       0x31 contiki-sky.a(channel.o)
 .comment       0x00000000       0x31 contiki-sky.a(rime.o)
 .comment       0x00000000       0x31 contiki-sky.a(unicast.o)
 .comment       0x00000000       0x31 contiki-sky.a(csma.o)
 .comment       0x00000000       0x31 contiki-sky.a(mac.o)
 .comment       0x00000000       0x31 contiki-sky.a(linkaddr.o)
 .comment       0x00000000       0x31 contiki-sky.a(packetbuf.o)
 .comment       0x00000000       0x31 contiki-sky.a(queuebuf.o)
 .comment       0x00000000       0x31 contiki-sky.a(contikimac.o)
 .comment       0x00000000       0x31 contiki-sky.a(contikimac-fram)
 .comment       0x00000000       0x31 contiki-sky.a(nullsec.o)
 .comment       0x00000000       0x31 contiki-sky.a(sht11.o)
 .comment       0x00000000       0x31 contiki-sky.a(spi.o)
 .comment       0x00000000       0x31 contiki-sky.a(compower.o)
 .comment       0x00000000       0x31 contiki-sky.a(memb.o)
 .comment       0x00000000       0x31 contiki-sky.a(abc.o)
 .comment       0x00000000       0x31 contiki-sky.a(announcement.o)
 .comment       0x00000000       0x31 contiki-sky.a(broadcast-annou)
 .comment       0x00000000       0x31 contiki-sky.a(chameleon.o)
 .comment       0x00000000       0x31 contiki-sky.a(framer-802154.o)
 .comment       0x00000000       0x31 contiki-sky.a(framer.o)
 .comment       0x00000000       0x31 contiki-sky.a(mac-sequence.o)
 .comment       0x00000000       0x31 contiki-sky.a(chameleon-bitop)
 .comment       0x00000000       0x31 contiki-sky.a(frame802154.o)
 .comment       0x00000000       0x31 /usr/local/msp430/bin/../lib/gcc/msp430/4.7.0/../../../../msp430/lib/mmpy-16/libc.a(printf.o)
 .comment       0x00000000       0x31 /usr/local/msp430/bin/../lib/gcc/msp430/4.7.0/../../../../msp430/lib/mmpy-16/libc.a(vuprintf.o)
 .comment       0x00000000       0x31 /usr/local/msp430/bin/../lib/gcc/msp430/4.7.0/../../../../msp430/lib/mmpy-16/libc.a(puts.o)
 .comment       0x00000000       0x31 /usr/local/msp430/bin/../lib/gcc/msp430/4.7.0/../../../../msp430/lib/mmpy-16/libc.a(rand.o)
 .comment       0x00000000       0x31 /usr/local/msp430/bin/../lib/gcc/msp430/4.7.0/../../../../msp430/lib/mmpy-16/libc.a(memcmp.o)
 .comment       0x00000000       0x31 /usr/local/msp430/bin/../lib/gcc/msp430/4.7.0/../../../../msp430/lib/mmpy-16/libc.a(memcpy.o)
 .comment       0x00000000       0x31 /usr/local/msp430/bin/../lib/gcc/msp430/4.7.0/../../../../msp430/lib/mmpy-16/libc.a(memset.o)

.debug
 *(.debug)

.line
 *(.line)

.debug_srcinfo
 *(.debug_srcinfo)

.debug_sfnames
 *(.debug_sfnames)

.debug_aranges  0x00000000      0x18c
 *(.debug_aranges)
 .debug_aranges
                0x00000000       0x14 /usr/local/msp430/bin/../lib/gcc/msp430/4.7.0/mmpy-16/crt0ivtbl16.o
 .debug_aranges
                0x00000014       0x14 /usr/local/msp430/bin/../lib/gcc/msp430/4.7.0/mmpy-16/libgcc.a(_mulsi3.o)
 .debug_aranges
                0x00000028       0x14 /usr/local/msp430/bin/../lib/gcc/msp430/4.7.0/mmpy-16/libgcc.a(_divmod16.o)
 .debug_aranges
                0x0000003c       0x14 /usr/local/msp430/bin/../lib/gcc/msp430/4.7.0/mmpy-16/libgcc.a(_udivmod32.o)
 .debug_aranges
                0x00000050       0x14 /usr/local/msp430/bin/../lib/gcc/msp430/4.7.0/mmpy-16/libgcc.a(_udivmod16.o)
 .debug_aranges
                0x00000064       0x18 /usr/local/msp430/bin/../lib/gcc/msp430/4.7.0/../../../../msp430/lib/mmpy-16/libc.a(printf.o)
 .debug_aranges
                0x0000007c       0x18 /usr/local/msp430/bin/../lib/gcc/msp430/4.7.0/../../../../msp430/lib/mmpy-16/libc.a(vuprintf.o)
 .debug_aranges
                0x00000094       0x14 /usr/local/msp430/bin/../lib/gcc/msp430/4.7.0/../../../../msp430/lib/mmpy-16/libc.a(puts.o)
 .debug_aranges
                0x000000a8       0x1c /usr/local/msp430/bin/../lib/gcc/msp430/4.7.0/../../../../msp430/lib/mmpy-16/libc.a(rand.o)
 .debug_aranges
                0x000000c4       0x14 /usr/local/msp430/bin/../lib/gcc/msp430/4.7.0/../../../../msp430/lib/mmpy-16/libc.a(memcmp.o)
 .debug_aranges
                0x000000d8       0x14 /usr/local/msp430/bin/../lib/gcc/msp430/4.7.0/../../../../msp430/lib/mmpy-16/libc.a(memcpy.o)
 .debug_aranges
                0x000000ec       0x14 /usr/local/msp430/bin/../lib/gcc/msp430/4.7.0/../../../../msp430/lib/mmpy-16/libc.a(memset.o)
 .debug_aranges
                0x00000100       0x14 /usr/local/msp430/bin/../lib/gcc/msp430/4.7.0/mmpy-16/libgcc.a(_udivmod64.o)
 .debug_aranges
                0x00000114       0x14 /usr/local/msp430/bin/../lib/gcc/msp430/4.7.0/mmpy-16/libcrt0.a(__watchdog_support.o)
 .debug_aranges
                0x00000128       0x14 /usr/local/msp430/bin/../lib/gcc/msp430/4.7.0/mmpy-16/libcrt0.a(__init_stack.o)
 .debug_aranges
                0x0000013c       0x14 /usr/local/msp430/bin/../lib/gcc/msp430/4.7.0/mmpy-16/libcrt0.a(_copy_data.o)
 .debug_aranges
                0x00000150       0x14 /usr/local/msp430/bin/../lib/gcc/msp430/4.7.0/mmpy-16/libcrt0.a(_clear_bss.o)
 .debug_aranges
                0x00000164       0x14 /usr/local/msp430/bin/../lib/gcc/msp430/4.7.0/mmpy-16/libcrt0.a(_endless_loop__.o)
 .debug_aranges
                0x00000178       0x14 /usr/local/msp430/bin/../lib/gcc/msp430/4.7.0/mmpy-16/libcrt0.a(_unexpected_.o)

.debug_pubnames
 *(.debug_pubnames)

.debug_info     0x00000000     0x138e
 *(.debug_info)
 .debug_info    0x00000000       0x9b /usr/local/msp430/bin/../lib/gcc/msp430/4.7.0/mmpy-16/crt0ivtbl16.o
 .debug_info    0x0000009b       0x98 /usr/local/msp430/bin/../lib/gcc/msp430/4.7.0/mmpy-16/libgcc.a(_mulsi3.o)
 .debug_info    0x00000133       0x98 /usr/local/msp430/bin/../lib/gcc/msp430/4.7.0/mmpy-16/libgcc.a(_divmod16.o)
 .debug_info    0x000001cb       0x98 /usr/local/msp430/bin/../lib/gcc/msp430/4.7.0/mmpy-16/libgcc.a(_udivmod32.o)
 .debug_info    0x00000263       0x98 /usr/local/msp430/bin/../lib/gcc/msp430/4.7.0/mmpy-16/libgcc.a(_udivmod16.o)
 .debug_info    0x000002fb      0x16e /usr/local/msp430/bin/../lib/gcc/msp430/4.7.0/../../../../msp430/lib/mmpy-16/libc.a(printf.o)
 .debug_info    0x00000469      0x5d4 /usr/local/msp430/bin/../lib/gcc/msp430/4.7.0/../../../../msp430/lib/mmpy-16/libc.a(vuprintf.o)
 .debug_info    0x00000a3d       0xc7 /usr/local/msp430/bin/../lib/gcc/msp430/4.7.0/../../../../msp430/lib/mmpy-16/libc.a(puts.o)
 .debug_info    0x00000b04      0x146 /usr/local/msp430/bin/../lib/gcc/msp430/4.7.0/../../../../msp430/lib/mmpy-16/libc.a(rand.o)
 .debug_info    0x00000c4a       0xe5 /usr/local/msp430/bin/../lib/gcc/msp430/4.7.0/../../../../msp430/lib/mmpy-16/libc.a(memcmp.o)
 .debug_info    0x00000d2f      0x12c /usr/local/msp430/bin/../lib/gcc/msp430/4.7.0/../../../../msp430/lib/mmpy-16/libc.a(memcpy.o)
 .debug_info    0x00000e5b      0x117 /usr/local/msp430/bin/../lib/gcc/msp430/4.7.0/../../../../msp430/lib/mmpy-16/libc.a(memset.o)
 .debug_info    0x00000f72       0x98 /usr/local/msp430/bin/../lib/gcc/msp430/4.7.0/mmpy-16/libgcc.a(_udivmod64.o)
 .debug_info    0x0000100a       0x96 /usr/local/msp430/bin/../lib/gcc/msp430/4.7.0/mmpy-16/libcrt0.a(__watchdog_support.o)
 .debug_info    0x000010a0       0x96 /usr/local/msp430/bin/../lib/gcc/msp430/4.7.0/mmpy-16/libcrt0.a(__init_stack.o)
 .debug_info    0x00001136       0x96 /usr/local/msp430/bin/../lib/gcc/msp430/4.7.0/mmpy-16/libcrt0.a(_copy_data.o)
 .debug_info    0x000011cc       0x96 /usr/local/msp430/bin/../lib/gcc/msp430/4.7.0/mmpy-16/libcrt0.a(_clear_bss.o)
 .debug_info    0x00001262       0x96 /usr/local/msp430/bin/../lib/gcc/msp430/4.7.0/mmpy-16/libcrt0.a(_endless_loop__.o)
 .debug_info    0x000012f8       0x96 /usr/local/msp430/bin/../lib/gcc/msp430/4.7.0/mmpy-16/libcrt0.a(_unexpected_.o)
 *(.gnu.linkonce.wi.*)

.debug_abbrev   0x00000000      0x7b0
 *(.debug_abbrev)
 .debug_abbrev  0x00000000       0x14 /usr/local/msp430/bin/../lib/gcc/msp430/4.7.0/mmpy-16/crt0ivtbl16.o
 .debug_abbrev  0x00000014       0x14 /usr/local/msp430/bin/../lib/gcc/msp430/4.7.0/mmpy-16/libgcc.a(_mulsi3.o)
 .debug_abbrev  0x00000028       0x14 /usr/local/msp430/bin/../lib/gcc/msp430/4.7.0/mmpy-16/libgcc.a(_divmod16.o)
 .debug_abbrev  0x0000003c       0x14 /usr/local/msp430/bin/../lib/gcc/msp430/4.7.0/mmpy-16/libgcc.a(_udivmod32.o)
 .debug_abbrev  0x00000050       0x14 /usr/local/msp430/bin/../lib/gcc/msp430/4.7.0/mmpy-16/libgcc.a(_udivmod16.o)
 .debug_abbrev  0x00000064       0xfa /usr/local/msp430/bin/../lib/gcc/msp430/4.7.0/../../../../msp430/lib/mmpy-16/libc.a(printf.o)
 .debug_abbrev  0x0000015e      0x23e /usr/local/msp430/bin/../lib/gcc/msp430/4.7.0/../../../../msp430/lib/mmpy-16/libc.a(vuprintf.o)
 .debug_abbrev  0x0000039c       0xa3 /usr/local/msp430/bin/../lib/gcc/msp430/4.7.0/../../../../msp430/lib/mmpy-16/libc.a(puts.o)
 .debug_abbrev  0x0000043f       0xfb /usr/local/msp430/bin/../lib/gcc/msp430/4.7.0/../../../../msp430/lib/mmpy-16/libc.a(rand.o)
 .debug_abbrev  0x0000053a       0x9e /usr/local/msp430/bin/../lib/gcc/msp430/4.7.0/../../../../msp430/lib/mmpy-16/libc.a(memcmp.o)
 .debug_abbrev  0x000005d8       0xab /usr/local/msp430/bin/../lib/gcc/msp430/4.7.0/../../../../msp430/lib/mmpy-16/libc.a(memcpy.o)
 .debug_abbrev  0x00000683       0xa1 /usr/local/msp430/bin/../lib/gcc/msp430/4.7.0/../../../../msp430/lib/mmpy-16/libc.a(memset.o)
 .debug_abbrev  0x00000724       0x14 /usr/local/msp430/bin/../lib/gcc/msp430/4.7.0/mmpy-16/libgcc.a(_udivmod64.o)
 .debug_abbrev  0x00000738       0x14 /usr/local/msp430/bin/../lib/gcc/msp430/4.7.0/mmpy-16/libcrt0.a(__watchdog_support.o)
 .debug_abbrev  0x0000074c       0x14 /usr/local/msp430/bin/../lib/gcc/msp430/4.7.0/mmpy-16/libcrt0.a(__init_stack.o)
 .debug_abbrev  0x00000760       0x14 /usr/local/msp430/bin/../lib/gcc/msp430/4.7.0/mmpy-16/libcrt0.a(_copy_data.o)
 .debug_abbrev  0x00000774       0x14 /usr/local/msp430/bin/../lib/gcc/msp430/4.7.0/mmpy-16/libcrt0.a(_clear_bss.o)
 .debug_abbrev  0x00000788       0x14 /usr/local/msp430/bin/../lib/gcc/msp430/4.7.0/mmpy-16/libcrt0.a(_endless_loop__.o)
 .debug_abbrev  0x0000079c       0x14 /usr/local/msp430/bin/../lib/gcc/msp430/4.7.0/mmpy-16/libcrt0.a(_unexpected_.o)

.debug_line     0x00000000      0xc76
 *(.debug_line)
 .debug_line    0x00000000       0x64 /usr/local/msp430/bin/../lib/gcc/msp430/4.7.0/mmpy-16/crt0ivtbl16.o
 .debug_line    0x00000064       0x77 /usr/local/msp430/bin/../lib/gcc/msp430/4.7.0/mmpy-16/libgcc.a(_mulsi3.o)
 .debug_line    0x000000db       0x7b /usr/local/msp430/bin/../lib/gcc/msp430/4.7.0/mmpy-16/libgcc.a(_divmod16.o)
 .debug_line    0x00000156       0x7f /usr/local/msp430/bin/../lib/gcc/msp430/4.7.0/mmpy-16/libgcc.a(_udivmod32.o)
 .debug_line    0x000001d5       0x70 /usr/local/msp430/bin/../lib/gcc/msp430/4.7.0/mmpy-16/libgcc.a(_udivmod16.o)
 .debug_line    0x00000245       0xa9 /usr/local/msp430/bin/../lib/gcc/msp430/4.7.0/../../../../msp430/lib/mmpy-16/libc.a(printf.o)
 .debug_line    0x000002ee      0x30a /usr/local/msp430/bin/../lib/gcc/msp430/4.7.0/../../../../msp430/lib/mmpy-16/libc.a(vuprintf.o)
 .debug_line    0x000005f8       0x65 /usr/local/msp430/bin/../lib/gcc/msp430/4.7.0/../../../../msp430/lib/mmpy-16/libc.a(puts.o)
 .debug_line    0x0000065d       0x68 /usr/local/msp430/bin/../lib/gcc/msp430/4.7.0/../../../../msp430/lib/mmpy-16/libc.a(rand.o)
 .debug_line    0x000006c5       0x8f /usr/local/msp430/bin/../lib/gcc/msp430/4.7.0/../../../../msp430/lib/mmpy-16/libc.a(memcmp.o)
 .debug_line    0x00000754      0x118 /usr/local/msp430/bin/../lib/gcc/msp430/4.7.0/../../../../msp430/lib/mmpy-16/libc.a(memcpy.o)
 .debug_line    0x0000086c       0xf2 /usr/local/msp430/bin/../lib/gcc/msp430/4.7.0/../../../../msp430/lib/mmpy-16/libc.a(memset.o)
 .debug_line    0x0000095e       0xc9 /usr/local/msp430/bin/../lib/gcc/msp430/4.7.0/mmpy-16/libgcc.a(_udivmod64.o)
 .debug_line    0x00000a27       0x62 /usr/local/msp430/bin/../lib/gcc/msp430/4.7.0/mmpy-16/libcrt0.a(__watchdog_support.o)
 .debug_line    0x00000a89       0x60 /usr/local/msp430/bin/../lib/gcc/msp430/4.7.0/mmpy-16/libcrt0.a(__init_stack.o)
 .debug_line    0x00000ae9       0x66 /usr/local/msp430/bin/../lib/gcc/msp430/4.7.0/mmpy-16/libcrt0.a(_copy_data.o)
 .debug_line    0x00000b4f       0x66 /usr/local/msp430/bin/../lib/gcc/msp430/4.7.0/mmpy-16/libcrt0.a(_clear_bss.o)
 .debug_line    0x00000bb5       0x61 /usr/local/msp430/bin/../lib/gcc/msp430/4.7.0/mmpy-16/libcrt0.a(_endless_loop__.o)
 .debug_line    0x00000c16       0x60 /usr/local/msp430/bin/../lib/gcc/msp430/4.7.0/mmpy-16/libcrt0.a(_unexpected_.o)

.debug_frame    0x00000000      0x1b6
 *(.debug_frame)
 .debug_frame   0x00000000       0x2a /usr/local/msp430/bin/../lib/gcc/msp430/4.7.0/../../../../msp430/lib/mmpy-16/libc.a(printf.o)
 .debug_frame   0x0000002a       0xa0 /usr/local/msp430/bin/../lib/gcc/msp430/4.7.0/../../../../msp430/lib/mmpy-16/libc.a(vuprintf.o)
 .debug_frame   0x000000ca       0x24 /usr/local/msp430/bin/../lib/gcc/msp430/4.7.0/../../../../msp430/lib/mmpy-16/libc.a(puts.o)
 .debug_frame   0x000000ee       0x3c /usr/local/msp430/bin/../lib/gcc/msp430/4.7.0/../../../../msp430/lib/mmpy-16/libc.a(rand.o)
 .debug_frame   0x0000012a       0x28 /usr/local/msp430/bin/../lib/gcc/msp430/4.7.0/../../../../msp430/lib/mmpy-16/libc.a(memcmp.o)
 .debug_frame   0x00000152       0x32 /usr/local/msp430/bin/../lib/gcc/msp430/4.7.0/../../../../msp430/lib/mmpy-16/libc.a(memcpy.o)
 .debug_frame   0x00000184       0x32 /usr/local/msp430/bin/../lib/gcc/msp430/4.7.0/../../../../msp430/lib/mmpy-16/libc.a(memset.o)

.debug_str      0x00000000      0x3d6
 *(.debug_str)
 .debug_str     0x00000000       0xee /usr/local/msp430/bin/../lib/gcc/msp430/4.7.0/../../../../msp430/lib/mmpy-16/libc.a(printf.o)
                                0x136 (size before relaxing)
 .debug_str     0x000000ee      0x218 /usr/local/msp430/bin/../lib/gcc/msp430/4.7.0/../../../../msp430/lib/mmpy-16/libc.a(vuprintf.o)
                                0x381 (size before relaxing)
 .debug_str     0x00000306       0x1d /usr/local/msp430/bin/../lib/gcc/msp430/4.7.0/../../../../msp430/lib/mmpy-16/libc.a(puts.o)
                                 0xfb (size before relaxing)
 .debug_str     0x00000323       0x2f /usr/local/msp430/bin/../lib/gcc/msp430/4.7.0/../../../../msp430/lib/mmpy-16/libc.a(rand.o)
                                0x112 (size before relaxing)
 .debug_str     0x00000352       0x20 /usr/local/msp430/bin/../lib/gcc/msp430/4.7.0/../../../../msp430/lib/mmpy-16/libc.a(memcmp.o)
                                 0xfe (size before relaxing)
 .debug_str     0x00000372       0x3e /usr/local/msp430/bin/../lib/gcc/msp430/4.7.0/../../../../msp430/lib/mmpy-16/libc.a(memcpy.o)
                                0x12c (size before relaxing)
 .debug_str     0x000003b0       0x26 /usr/local/msp430/bin/../lib/gcc/msp430/4.7.0/../../../../msp430/lib/mmpy-16/libc.a(memset.o)
                                0x12a (size before relaxing)

.debug_loc      0x00000000      0xbcc
 *(.debug_loc)
 .debug_loc     0x00000000       0x4c /usr/local/msp430/bin/../lib/gcc/msp430/4.7.0/../../../../msp430/lib/mmpy-16/libc.a(printf.o)
 .debug_loc     0x0000004c      0x7fa /usr/local/msp430/bin/../lib/gcc/msp430/4.7.0/../../../../msp430/lib/mmpy-16/libc.a(vuprintf.o)
 .debug_loc     0x00000846       0x26 /usr/local/msp430/bin/../lib/gcc/msp430/4.7.0/../../../../msp430/lib/mmpy-16/libc.a(puts.o)
 .debug_loc     0x0000086c       0x4f /usr/local/msp430/bin/../lib/gcc/msp430/4.7.0/../../../../msp430/lib/mmpy-16/libc.a(rand.o)
 .debug_loc     0x000008bb       0x4d /usr/local/msp430/bin/../lib/gcc/msp430/4.7.0/../../../../msp430/lib/mmpy-16/libc.a(memcmp.o)
 .debug_loc     0x00000908      0x1e3 /usr/local/msp430/bin/../lib/gcc/msp430/4.7.0/../../../../msp430/lib/mmpy-16/libc.a(memcpy.o)
 .debug_loc     0x00000aeb       0xe1 /usr/local/msp430/bin/../lib/gcc/msp430/4.7.0/../../../../msp430/lib/mmpy-16/libc.a(memset.o)

.debug_macinfo
 *(.debug_macinfo)

.debug_pubtypes
 *(.debug_pubtypes)

.debug_ranges   0x00000000       0x60
 *(.debug_ranges)
 .debug_ranges  0x00000000        0xc /usr/local/msp430/bin/../lib/gcc/msp430/4.7.0/../../../../msp430/lib/mmpy-16/libc.a(printf.o)
 .debug_ranges  0x0000000c       0x24 /usr/local/msp430/bin/../lib/gcc/msp430/4.7.0/../../../../msp430/lib/mmpy-16/libc.a(vuprintf.o)
 .debug_ranges  0x00000030        0x8 /usr/local/msp430/bin/../lib/gcc/msp430/4.7.0/../../../../msp430/lib/mmpy-16/libc.a(puts.o)
 .debug_ranges  0x00000038       0x10 /usr/local/msp430/bin/../lib/gcc/msp430/4.7.0/../../../../msp430/lib/mmpy-16/libc.a(rand.o)
 .debug_ranges  0x00000048        0x8 /usr/local/msp430/bin/../lib/gcc/msp430/4.7.0/../../../../msp430/lib/mmpy-16/libc.a(memcmp.o)
 .debug_ranges  0x00000050        0x8 /usr/local/msp430/bin/../lib/gcc/msp430/4.7.0/../../../../msp430/lib/mmpy-16/libc.a(memcpy.o)
 .debug_ranges  0x00000058        0x8 /usr/local/msp430/bin/../lib/gcc/msp430/4.7.0/../../../../msp430/lib/mmpy-16/libc.a(memset.o)
                0x00003900                PROVIDE (__stack, (ORIGIN (ram) + 0x2800))
                0x00009574                __data_start_rom = _etext
                0x000095e4                __data_end_rom = (_etext + SIZEOF (.data))
OUTPUT(sensor.sky elf32-msp430)
